Jan  7 13:56:49 Deepin kernel: [    0.000000] Initializing cgroup subsys cpuset
Jan  7 13:56:49 Deepin kernel: [    0.000000] Initializing cgroup subsys cpu
Jan  7 13:56:49 Deepin kernel: [    0.000000] Initializing cgroup subsys cpuacct
Jan  7 13:56:49 Deepin kernel: [    0.000000] Linux version 3.13.0-43-generic (buildd@akateko) (gcc version 4.8.2 (Ubuntu 4.8.2-19ubuntu1) ) #72-Ubuntu SMP Mon Dec 8 19:35:44 UTC 2014 (Ubuntu 3.13.0-43.72-generic 3.13.11.11)
Jan  7 13:56:49 Deepin kernel: [    0.000000] KERNEL supported cpus:
Jan  7 13:56:49 Deepin kernel: [    0.000000]   Intel GenuineIntel
Jan  7 13:56:49 Deepin kernel: [    0.000000]   AMD AuthenticAMD
Jan  7 13:56:49 Deepin kernel: [    0.000000]   NSC Geode by NSC
Jan  7 13:56:49 Deepin kernel: [    0.000000]   Cyrix CyrixInstead
Jan  7 13:56:49 Deepin kernel: [    0.000000]   Centaur CentaurHauls
Jan  7 13:56:49 Deepin kernel: [    0.000000]   Transmeta GenuineTMx86
Jan  7 13:56:49 Deepin kernel: [    0.000000]   Transmeta TransmetaCPU
Jan  7 13:56:49 Deepin kernel: [    0.000000]   UMC UMC UMC UMC
Jan  7 13:56:49 Deepin kernel: [    0.000000] Disabled fast string operations
Jan  7 13:56:49 Deepin kernel: [    0.000000] e820: BIOS-provided physical RAM map:
Jan  7 13:56:49 Deepin kernel: [    0.000000] BIOS-e820: [mem 0x0000000000000000-0x000000000009f7ff] usable
Jan  7 13:56:49 Deepin kernel: [    0.000000] BIOS-e820: [mem 0x000000000009f800-0x000000000009ffff] reserved
Jan  7 13:56:49 Deepin kernel: [    0.000000] BIOS-e820: [mem 0x00000000000ca000-0x00000000000cbfff] reserved
Jan  7 13:56:49 Deepin kernel: [    0.000000] BIOS-e820: [mem 0x00000000000dc000-0x00000000000e3fff] reserved
Jan  7 13:56:49 Deepin kernel: [    0.000000] BIOS-e820: [mem 0x00000000000e8000-0x00000000000fffff] reserved
Jan  7 13:56:49 Deepin kernel: [    0.000000] BIOS-e820: [mem 0x0000000000100000-0x000000003feeffff] usable
Jan  7 13:56:49 Deepin kernel: [    0.000000] BIOS-e820: [mem 0x000000003fef0000-0x000000003fefefff] ACPI data
Jan  7 13:56:49 Deepin kernel: [    0.000000] BIOS-e820: [mem 0x000000003feff000-0x000000003fefffff] ACPI NVS
Jan  7 13:56:49 Deepin kernel: [    0.000000] BIOS-e820: [mem 0x000000003ff00000-0x000000003fffffff] usable
Jan  7 13:56:49 Deepin kernel: [    0.000000] BIOS-e820: [mem 0x00000000e0000000-0x00000000efffffff] reserved
Jan  7 13:56:49 Deepin kernel: [    0.000000] BIOS-e820: [mem 0x00000000fec00000-0x00000000fec0ffff] reserved
Jan  7 13:56:49 Deepin kernel: [    0.000000] BIOS-e820: [mem 0x00000000fee00000-0x00000000fee00fff] reserved
Jan  7 13:56:49 Deepin kernel: [    0.000000] BIOS-e820: [mem 0x00000000fffe0000-0x00000000ffffffff] reserved
Jan  7 13:56:49 Deepin kernel: [    0.000000] NX (Execute Disable) protection: active
Jan  7 13:56:49 Deepin kernel: [    0.000000] SMBIOS 2.4 present.
Jan  7 13:56:49 Deepin kernel: [    0.000000] DMI: VMware, Inc. VMware Virtual Platform/440BX Desktop Reference Platform, BIOS 6.00 12/31/2009
Jan  7 13:56:49 Deepin kernel: [    0.000000] Hypervisor detected: VMware
Jan  7 13:56:49 Deepin kernel: [    0.000000] e820: update [mem 0x00000000-0x00000fff] usable ==> reserved
Jan  7 13:56:49 Deepin kernel: [    0.000000] e820: remove [mem 0x000a0000-0x000fffff] usable
Jan  7 13:56:49 Deepin kernel: [    0.000000] e820: last_pfn = 0x40000 max_arch_pfn = 0x1000000
Jan  7 13:56:49 Deepin kernel: [    0.000000] MTRR default type: uncachable
Jan  7 13:56:49 Deepin kernel: [    0.000000] MTRR fixed ranges enabled:
Jan  7 13:56:49 Deepin kernel: [    0.000000]   00000-9FFFF write-back
Jan  7 13:56:49 Deepin kernel: [    0.000000]   A0000-BFFFF uncachable
Jan  7 13:56:49 Deepin kernel: [    0.000000]   C0000-CBFFF write-protect
Jan  7 13:56:49 Deepin kernel: [    0.000000]   CC000-EFFFF uncachable
Jan  7 13:56:49 Deepin kernel: [    0.000000]   F0000-FFFFF write-protect
Jan  7 13:56:49 Deepin kernel: [    0.000000] MTRR variable ranges enabled:
Jan  7 13:56:49 Deepin kernel: [    0.000000]   0 base 0000000000 mask FFC0000000 write-back
Jan  7 13:56:49 Deepin kernel: [    0.000000]   1 disabled
Jan  7 13:56:49 Deepin kernel: [    0.000000]   2 disabled
Jan  7 13:56:49 Deepin kernel: [    0.000000]   3 disabled
Jan  7 13:56:49 Deepin kernel: [    0.000000]   4 disabled
Jan  7 13:56:49 Deepin kernel: [    0.000000]   5 disabled
Jan  7 13:56:49 Deepin kernel: [    0.000000]   6 disabled
Jan  7 13:56:49 Deepin kernel: [    0.000000]   7 disabled
Jan  7 13:56:49 Deepin kernel: [    0.000000] x86 PAT enabled: cpu 0, old 0x0, new 0x7010600070106
Jan  7 13:56:49 Deepin kernel: [    0.000000] found SMP MP-table at [mem 0x000f69b0-0x000f69bf] mapped at [c00f69b0]
Jan  7 13:56:49 Deepin kernel: [    0.000000] Scanning 1 areas for low memory corruption
Jan  7 13:56:49 Deepin kernel: [    0.000000] initial memory mapped: [mem 0x00000000-0x01ffffff]
Jan  7 13:56:49 Deepin kernel: [    0.000000] Base memory trampoline at [c009b000] 9b000 size 16384
Jan  7 13:56:49 Deepin kernel: [    0.000000] init_memory_mapping: [mem 0x00000000-0x000fffff]
Jan  7 13:56:49 Deepin kernel: [    0.000000]  [mem 0x00000000-0x000fffff] page 4k
Jan  7 13:56:49 Deepin kernel: [    0.000000] init_memory_mapping: [mem 0x37800000-0x379fffff]
Jan  7 13:56:49 Deepin kernel: [    0.000000]  [mem 0x37800000-0x379fffff] page 2M
Jan  7 13:56:49 Deepin kernel: [    0.000000] init_memory_mapping: [mem 0x34000000-0x377fffff]
Jan  7 13:56:49 Deepin kernel: [    0.000000]  [mem 0x34000000-0x377fffff] page 2M
Jan  7 13:56:49 Deepin kernel: [    0.000000] init_memory_mapping: [mem 0x00100000-0x33ffffff]
Jan  7 13:56:49 Deepin kernel: [    0.000000]  [mem 0x00100000-0x001fffff] page 4k
Jan  7 13:56:49 Deepin kernel: [    0.000000]  [mem 0x00200000-0x33ffffff] page 2M
Jan  7 13:56:49 Deepin kernel: [    0.000000] init_memory_mapping: [mem 0x37a00000-0x37bfdfff]
Jan  7 13:56:49 Deepin kernel: [    0.000000]  [mem 0x37a00000-0x37bfdfff] page 4k
Jan  7 13:56:49 Deepin kernel: [    0.000000] BRK [0x01b96000, 0x01b96fff] PGTABLE
Jan  7 13:56:49 Deepin kernel: [    0.000000] RAMDISK: [mem 0x35bda000-0x36de4fff]
Jan  7 13:56:49 Deepin kernel: [    0.000000] ACPI: RSDP 000f6940 000024 (v02 PTLTD )
Jan  7 13:56:49 Deepin kernel: [    0.000000] ACPI: XSDT 3fef0804 00004C (v01 INTEL  440BX    06040000 VMW  01324272)
Jan  7 13:56:49 Deepin kernel: [    0.000000] ACPI: FACP 3fefee98 0000F4 (v04 INTEL  440BX    06040000 PTL  000F4240)
Jan  7 13:56:49 Deepin kernel: [    0.000000] ACPI: DSDT 3fef09bc 00E4DC (v01 PTLTD  Custom   06040000 MSFT 03000001)
Jan  7 13:56:49 Deepin kernel: [    0.000000] ACPI: FACS 3fefffc0 000040
Jan  7 13:56:49 Deepin kernel: [    0.000000] ACPI: BOOT 3fef0994 000028 (v01 PTLTD  $SBFTBL$ 06040000  LTP 00000001)
Jan  7 13:56:49 Deepin kernel: [    0.000000] ACPI: APIC 3fef0944 000050 (v01 PTLTD  ? APIC   06040000  LTP 00000000)
Jan  7 13:56:49 Deepin kernel: [    0.000000] ACPI: MCFG 3fef0908 00003C (v01 PTLTD  $PCITBL$ 06040000  LTP 00000001)
Jan  7 13:56:49 Deepin kernel: [    0.000000] ACPI: SRAT 3fef0888 000080 (v02 VMWARE MEMPLUG  06040000 VMW  00000001)
Jan  7 13:56:49 Deepin kernel: [    0.000000] ACPI: Local APIC address 0xfee00000
Jan  7 13:56:49 Deepin kernel: [    0.000000] 132MB HIGHMEM available.
Jan  7 13:56:49 Deepin kernel: [    0.000000] 891MB LOWMEM available.
Jan  7 13:56:49 Deepin kernel: [    0.000000]   mapped low ram: 0 - 37bfe000
Jan  7 13:56:49 Deepin kernel: [    0.000000]   low ram: 0 - 37bfe000
Jan  7 13:56:49 Deepin kernel: [    0.000000] BRK [0x01b97000, 0x01b97fff] PGTABLE
Jan  7 13:56:49 Deepin kernel: [    0.000000] Zone ranges:
Jan  7 13:56:49 Deepin kernel: [    0.000000]   DMA      [mem 0x00001000-0x00ffffff]
Jan  7 13:56:49 Deepin kernel: [    0.000000]   Normal   [mem 0x01000000-0x37bfdfff]
Jan  7 13:56:49 Deepin kernel: [    0.000000]   HighMem  [mem 0x37bfe000-0x3fffffff]
Jan  7 13:56:49 Deepin kernel: [    0.000000] Movable zone start for each node
Jan  7 13:56:49 Deepin kernel: [    0.000000] Early memory node ranges
Jan  7 13:56:49 Deepin kernel: [    0.000000]   node   0: [mem 0x00001000-0x0009efff]
Jan  7 13:56:49 Deepin kernel: [    0.000000]   node   0: [mem 0x00100000-0x3feeffff]
Jan  7 13:56:49 Deepin kernel: [    0.000000]   node   0: [mem 0x3ff00000-0x3fffffff]
Jan  7 13:56:49 Deepin kernel: [    0.000000] On node 0 totalpages: 262030
Jan  7 13:56:49 Deepin kernel: [    0.000000] free_area_init_node: node 0, pgdat c199d580, node_mem_map f73fe020
Jan  7 13:56:49 Deepin kernel: [    0.000000]   DMA zone: 32 pages used for memmap
Jan  7 13:56:49 Deepin kernel: [    0.000000]   DMA zone: 0 pages reserved
Jan  7 13:56:49 Deepin kernel: [    0.000000]   DMA zone: 3998 pages, LIFO batch:0
Jan  7 13:56:49 Deepin kernel: [    0.000000]   Normal zone: 1752 pages used for memmap
Jan  7 13:56:49 Deepin kernel: [    0.000000]   Normal zone: 224254 pages, LIFO batch:31
Jan  7 13:56:49 Deepin kernel: [    0.000000]   HighMem zone: 265 pages used for memmap
Jan  7 13:56:49 Deepin kernel: [    0.000000]   HighMem zone: 33778 pages, LIFO batch:7
Jan  7 13:56:49 Deepin kernel: [    0.000000] Using APIC driver default
Jan  7 13:56:49 Deepin kernel: [    0.000000] ACPI: PM-Timer IO Port: 0x1008
Jan  7 13:56:49 Deepin kernel: [    0.000000] ACPI: Local APIC address 0xfee00000
Jan  7 13:56:49 Deepin kernel: [    0.000000] ACPI: LAPIC (acpi_id[0x00] lapic_id[0x00] enabled)
Jan  7 13:56:49 Deepin kernel: [    0.000000] ACPI: LAPIC_NMI (acpi_id[0x00] high edge lint[0x1])
Jan  7 13:56:49 Deepin kernel: [    0.000000] ACPI: IOAPIC (id[0x01] address[0xfec00000] gsi_base[0])
Jan  7 13:56:49 Deepin kernel: [    0.000000] IOAPIC[0]: apic_id 1, version 17, address 0xfec00000, GSI 0-23
Jan  7 13:56:49 Deepin kernel: [    0.000000] ACPI: INT_SRC_OVR (bus 0 bus_irq 0 global_irq 2 high edge)
Jan  7 13:56:49 Deepin kernel: [    0.000000] ACPI: IRQ0 used by override.
Jan  7 13:56:49 Deepin kernel: [    0.000000] ACPI: IRQ2 used by override.
Jan  7 13:56:49 Deepin kernel: [    0.000000] ACPI: IRQ9 used by override.
Jan  7 13:56:49 Deepin kernel: [    0.000000] Using ACPI (MADT) for SMP configuration information
Jan  7 13:56:49 Deepin kernel: [    0.000000] smpboot: Allowing 1 CPUs, 0 hotplug CPUs
Jan  7 13:56:49 Deepin kernel: [    0.000000] nr_irqs_gsi: 40
Jan  7 13:56:49 Deepin kernel: [    0.000000] PM: Registered nosave memory: [mem 0x0009f000-0x0009ffff]
Jan  7 13:56:49 Deepin kernel: [    0.000000] PM: Registered nosave memory: [mem 0x000a0000-0x000c9fff]
Jan  7 13:56:49 Deepin kernel: [    0.000000] PM: Registered nosave memory: [mem 0x000ca000-0x000cbfff]
Jan  7 13:56:49 Deepin kernel: [    0.000000] PM: Registered nosave memory: [mem 0x000cc000-0x000dbfff]
Jan  7 13:56:49 Deepin kernel: [    0.000000] PM: Registered nosave memory: [mem 0x000dc000-0x000e3fff]
Jan  7 13:56:49 Deepin kernel: [    0.000000] PM: Registered nosave memory: [mem 0x000e4000-0x000e7fff]
Jan  7 13:56:49 Deepin kernel: [    0.000000] PM: Registered nosave memory: [mem 0x000e8000-0x000fffff]
Jan  7 13:56:49 Deepin kernel: [    0.000000] e820: [mem 0x40000000-0xdfffffff] available for PCI devices
Jan  7 13:56:49 Deepin kernel: [    0.000000] Booting paravirtualized kernel on bare hardware
Jan  7 13:56:49 Deepin kernel: [    0.000000] setup_percpu: NR_CPUS:8 nr_cpumask_bits:8 nr_cpu_ids:1 nr_node_ids:1
Jan  7 13:56:49 Deepin kernel: [    0.000000] PERCPU: Embedded 14 pages/cpu @f73e9000 s36096 r0 d21248 u57344
Jan  7 13:56:49 Deepin kernel: [    0.000000] pcpu-alloc: s36096 r0 d21248 u57344 alloc=14*4096
Jan  7 13:56:49 Deepin kernel: [    0.000000] pcpu-alloc: [0] 0 
Jan  7 13:56:49 Deepin kernel: [    0.000000] Built 1 zonelists in Zone order, mobility grouping on.  Total pages: 260246
Jan  7 13:56:49 Deepin kernel: [    0.000000] Kernel command line: BOOT_IMAGE=/boot/vmlinuz-3.13.0-43-generic root=UUID=5b32658d-5a15-4257-b106-ccbcf402a28f ro quiet splash
Jan  7 13:56:49 Deepin kernel: [    0.000000] PID hash table entries: 4096 (order: 2, 16384 bytes)
Jan  7 13:56:49 Deepin kernel: [    0.000000] Dentry cache hash table entries: 131072 (order: 7, 524288 bytes)
Jan  7 13:56:49 Deepin kernel: [    0.000000] Inode-cache hash table entries: 65536 (order: 6, 262144 bytes)
Jan  7 13:56:49 Deepin kernel: [    0.000000] Initializing CPU#0
Jan  7 13:56:49 Deepin kernel: [    0.000000] allocated 2097144 bytes of page_cgroup
Jan  7 13:56:49 Deepin kernel: [    0.000000] please try 'cgroup_disable=memory' option if you don't want memory cgroups
Jan  7 13:56:49 Deepin kernel: [    0.000000] Initializing HighMem for node 0 (00037bfe:00040000)
Jan  7 13:56:49 Deepin kernel: [    0.000000] Memory: 1006576K/1048120K available (6546K kernel code, 640K rwdata, 2764K rodata, 876K init, 924K bss, 41544K reserved, 135112K highmem)
Jan  7 13:56:49 Deepin kernel: [    0.000000] virtual kernel memory layout:
Jan  7 13:56:49 Deepin kernel: [    0.000000]     fixmap  : 0xfff14000 - 0xfffff000   ( 940 kB)
Jan  7 13:56:49 Deepin kernel: [    0.000000]     pkmap   : 0xffc00000 - 0xffe00000   (2048 kB)
Jan  7 13:56:49 Deepin kernel: [    0.000000]     vmalloc : 0xf83fe000 - 0xffbfe000   ( 120 MB)
Jan  7 13:56:49 Deepin kernel: [    0.000000]     lowmem  : 0xc0000000 - 0xf7bfe000   ( 891 MB)
Jan  7 13:56:49 Deepin kernel: [    0.000000]       .init : 0xc19bb000 - 0xc1a96000   ( 876 kB)
Jan  7 13:56:49 Deepin kernel: [    0.000000]       .data : 0xc1664ef4 - 0xc19ba3c0   (3413 kB)
Jan  7 13:56:49 Deepin kernel: [    0.000000]       .text : 0xc1000000 - 0xc1664ef4   (6547 kB)
Jan  7 13:56:49 Deepin kernel: [    0.000000] Checking if this processor honours the WP bit even in supervisor mode...Ok.
Jan  7 13:56:49 Deepin kernel: [    0.000000] SLUB: HWalign=64, Order=0-3, MinObjects=0, CPUs=1, Nodes=1
Jan  7 13:56:49 Deepin kernel: [    0.000000] Hierarchical RCU implementation.
Jan  7 13:56:49 Deepin kernel: [    0.000000] 	RCU dyntick-idle grace-period acceleration is enabled.
Jan  7 13:56:49 Deepin kernel: [    0.000000] 	RCU restricting CPUs from NR_CPUS=8 to nr_cpu_ids=1.
Jan  7 13:56:49 Deepin kernel: [    0.000000] NR_IRQS:2304 nr_irqs:256 16
Jan  7 13:56:49 Deepin kernel: [    0.000000] CPU 0 irqstacks, hard=f5408000 soft=f540a000
Jan  7 13:56:49 Deepin kernel: [    0.000000] Console: colour VGA+ 80x25
Jan  7 13:56:49 Deepin kernel: [    0.000000] console [tty0] enabled
Jan  7 13:56:49 Deepin kernel: [    0.000000] TSC freq read from hypervisor : 2660.090 MHz
Jan  7 13:56:49 Deepin kernel: [    0.000000] tsc: Detected 2660.090 MHz processor
Jan  7 13:56:49 Deepin kernel: [    0.000157] Calibrating delay loop (skipped) preset value.. 5320.18 BogoMIPS (lpj=10640360)
Jan  7 13:56:49 Deepin kernel: [    0.000261] pid_max: default: 32768 minimum: 301
Jan  7 13:56:49 Deepin kernel: [    0.000756] Security Framework initialized
Jan  7 13:56:49 Deepin kernel: [    0.019999] AppArmor: AppArmor initialized
Jan  7 13:56:49 Deepin kernel: [    0.020039] Yama: becoming mindful.
Jan  7 13:56:49 Deepin kernel: [    0.028874] Mount-cache hash table entries: 2048 (order: 1, 8192 bytes)
Jan  7 13:56:49 Deepin kernel: [    0.028885] Mountpoint-cache hash table entries: 2048 (order: 1, 8192 bytes)
Jan  7 13:56:49 Deepin kernel: [    0.035665] Initializing cgroup subsys memory
Jan  7 13:56:49 Deepin kernel: [    0.035857] Initializing cgroup subsys devices
Jan  7 13:56:49 Deepin kernel: [    0.035921] Initializing cgroup subsys freezer
Jan  7 13:56:49 Deepin kernel: [    0.035971] Initializing cgroup subsys blkio
Jan  7 13:56:49 Deepin kernel: [    0.035991] Initializing cgroup subsys perf_event
Jan  7 13:56:49 Deepin kernel: [    0.036020] Initializing cgroup subsys hugetlb
Jan  7 13:56:49 Deepin kernel: [    0.036537] Disabled fast string operations
Jan  7 13:56:49 Deepin kernel: [    0.036619] CPU: Physical Processor ID: 0
Jan  7 13:56:49 Deepin kernel: [    0.036968] mce: CPU supports 0 MCE banks
Jan  7 13:56:49 Deepin kernel: [    0.037896] Last level iTLB entries: 4KB 512, 2MB 7, 4MB 7
Jan  7 13:56:49 Deepin kernel: [    0.037896] Last level dTLB entries: 4KB 512, 2MB 32, 4MB 32
Jan  7 13:56:49 Deepin kernel: [    0.037896] tlb_flushall_shift: 6
Jan  7 13:56:49 Deepin kernel: [    0.298705] Freeing SMP alternatives memory: 32K (c1a96000 - c1a9e000)
Jan  7 13:56:49 Deepin kernel: [    0.323531] ACPI: Core revision 20131115
Jan  7 13:56:49 Deepin kernel: [    0.347677] ACPI: All ACPI Tables successfully acquired
Jan  7 13:56:49 Deepin kernel: [    0.351343] ftrace: allocating 27840 entries in 55 pages
Jan  7 13:56:49 Deepin kernel: [    0.423296] Enabling APIC mode:  Flat.  Using 1 I/O APICs
Jan  7 13:56:49 Deepin kernel: [    0.426184] ..TIMER: vector=0x30 apic1=0 pin1=2 apic2=-1 pin2=-1
Jan  7 13:56:49 Deepin kernel: [    0.466020] smpboot: CPU0: Intel(R) Core(TM) i5 CPU       M 480  @ 2.67GHz (fam: 06, model: 25, stepping: 05)
Jan  7 13:56:49 Deepin kernel: [    0.574122] Performance Events: 16-deep LBR, Westmere events, Broken PMU hardware detected, using software events only.
Jan  7 13:56:49 Deepin kernel: [    0.574422] Failed to access perfctr msr (MSR c1 is 0)
Jan  7 13:56:49 Deepin kernel: [    0.587025] x86: Booted up 1 node, 1 CPUs
Jan  7 13:56:49 Deepin kernel: [    0.587073] smpboot: Total of 1 processors activated (5320.18 BogoMIPS)
Jan  7 13:56:49 Deepin kernel: [    0.587949] x86 PAT enabled: cpu 0, old 0x0, new 0x7010600070106
Jan  7 13:56:49 Deepin kernel: [    0.590612] NMI watchdog: disabled (cpu0): hardware events not enabled
Jan  7 13:56:49 Deepin kernel: [    0.596456] devtmpfs: initialized
Jan  7 13:56:49 Deepin kernel: [    0.599528] EVM: security.selinux
Jan  7 13:56:49 Deepin kernel: [    0.599539] EVM: security.SMACK64
Jan  7 13:56:49 Deepin kernel: [    0.599544] EVM: security.ima
Jan  7 13:56:49 Deepin kernel: [    0.599548] EVM: security.capability
Jan  7 13:56:49 Deepin kernel: [    0.600245] PM: Registering ACPI NVS region [mem 0x3feff000-0x3fefffff] (4096 bytes)
Jan  7 13:56:49 Deepin kernel: [    0.605380] pinctrl core: initialized pinctrl subsystem
Jan  7 13:56:49 Deepin kernel: [    0.608521] regulator-dummy: no parameters
Jan  7 13:56:49 Deepin kernel: [    0.609333] RTC time: 13:56:44, date: 01/07/15
Jan  7 13:56:49 Deepin kernel: [    0.610538] NET: Registered protocol family 16
Jan  7 13:56:49 Deepin kernel: [    0.612407] EISA bus registered
Jan  7 13:56:49 Deepin kernel: [    0.612543] cpuidle: using governor ladder
Jan  7 13:56:49 Deepin kernel: [    0.612628] cpuidle: using governor menu
Jan  7 13:56:49 Deepin kernel: [    0.613268] ACPI: bus type PCI registered
Jan  7 13:56:49 Deepin kernel: [    0.613324] acpiphp: ACPI Hot Plug PCI Controller Driver version: 0.5
Jan  7 13:56:49 Deepin kernel: [    0.615192] PCI: MMCONFIG for domain 0000 [bus 00-ff] at [mem 0xe0000000-0xefffffff] (base 0xe0000000)
Jan  7 13:56:49 Deepin kernel: [    0.615285] PCI: MMCONFIG at [mem 0xe0000000-0xefffffff] reserved in E820
Jan  7 13:56:49 Deepin kernel: [    0.615323] PCI: Using MMCONFIG for extended config space
Jan  7 13:56:49 Deepin kernel: [    0.615362] PCI: Using configuration type 1 for base access
Jan  7 13:56:49 Deepin kernel: [    0.619759] bio: create slab <bio-0> at 0
Jan  7 13:56:49 Deepin kernel: [    0.621701] ACPI: Added _OSI(Module Device)
Jan  7 13:56:49 Deepin kernel: [    0.621715] ACPI: Added _OSI(Processor Device)
Jan  7 13:56:49 Deepin kernel: [    0.621721] ACPI: Added _OSI(3.0 _SCP Extensions)
Jan  7 13:56:49 Deepin kernel: [    0.621727] ACPI: Added _OSI(Processor Aggregator Device)
Jan  7 13:56:49 Deepin kernel: [    0.651020] [Firmware Bug]: ACPI: BIOS _OSI(Linux) query ignored
Jan  7 13:56:49 Deepin kernel: [    0.658675] ACPI: Interpreter enabled
Jan  7 13:56:49 Deepin kernel: [    0.658970] ACPI Exception: AE_NOT_FOUND, While evaluating Sleep State [\_S2_] (20131115/hwxface-580)
Jan  7 13:56:49 Deepin kernel: [    0.659021] ACPI Exception: AE_NOT_FOUND, While evaluating Sleep State [\_S3_] (20131115/hwxface-580)
Jan  7 13:56:49 Deepin kernel: [    0.659177] ACPI: (supports S0 S1 S4 S5)
Jan  7 13:56:49 Deepin kernel: [    0.659215] ACPI: Using IOAPIC for interrupt routing
Jan  7 13:56:49 Deepin kernel: [    0.659474] PCI: Using host bridge windows from ACPI; if necessary, use "pci=nocrs" and report a bug
Jan  7 13:56:49 Deepin kernel: [    0.684822] ACPI: No dock devices found.
Jan  7 13:56:49 Deepin kernel: [    0.759493] ACPI: PCI Root Bridge [PCI0] (domain 0000 [bus 00-ff])
Jan  7 13:56:49 Deepin kernel: [    0.759713] acpi PNP0A03:00: _OSC: OS supports [ExtendedConfig ASPM ClockPM Segments MSI]
Jan  7 13:56:49 Deepin kernel: [    0.760427] acpi PNP0A03:00: _OSC: platform does not support [AER]
Jan  7 13:56:49 Deepin kernel: [    0.760778] acpi PNP0A03:00: _OSC: OS now controls [PCIeHotplug PME PCIeCapability]
Jan  7 13:56:49 Deepin kernel: [    0.766113] PCI host bridge to bus 0000:00
Jan  7 13:56:49 Deepin kernel: [    0.766206] pci_bus 0000:00: root bus resource [bus 00-ff]
Jan  7 13:56:49 Deepin kernel: [    0.766251] pci_bus 0000:00: root bus resource [mem 0x000a0000-0x000bffff]
Jan  7 13:56:49 Deepin kernel: [    0.766259] pci_bus 0000:00: root bus resource [mem 0x000cc000-0x000cffff]
Jan  7 13:56:49 Deepin kernel: [    0.766267] pci_bus 0000:00: root bus resource [mem 0x000d0000-0x000d3fff]
Jan  7 13:56:49 Deepin kernel: [    0.766274] pci_bus 0000:00: root bus resource [mem 0x000d4000-0x000d7fff]
Jan  7 13:56:49 Deepin kernel: [    0.766285] pci_bus 0000:00: root bus resource [mem 0x000d8000-0x000dbfff]
Jan  7 13:56:49 Deepin kernel: [    0.766293] pci_bus 0000:00: root bus resource [mem 0x000e4000-0x000e7fff]
Jan  7 13:56:49 Deepin kernel: [    0.766301] pci_bus 0000:00: root bus resource [mem 0x40000000-0xfebfffff]
Jan  7 13:56:49 Deepin kernel: [    0.766317] pci_bus 0000:00: root bus resource [io  0x0000-0x0cf7]
Jan  7 13:56:49 Deepin kernel: [    0.766325] pci_bus 0000:00: root bus resource [io  0x0d00-0xfeff]
Jan  7 13:56:49 Deepin kernel: [    0.766748] pci 0000:00:00.0: [8086:7190] type 00 class 0x060000
Jan  7 13:56:49 Deepin kernel: [    0.769178] pci 0000:00:01.0: [8086:7191] type 01 class 0x060400
Jan  7 13:56:49 Deepin kernel: [    0.770153] pci 0000:00:07.0: [8086:7110] type 00 class 0x060100
Jan  7 13:56:49 Deepin kernel: [    0.771030] pci 0000:00:07.1: [8086:7111] type 00 class 0x01018a
Jan  7 13:56:49 Deepin kernel: [    0.773244] pci 0000:00:07.1: reg 0x20: [io  0x10c0-0x10cf]
Jan  7 13:56:49 Deepin kernel: [    0.774611] pci 0000:00:07.3: [8086:7113] type 00 class 0x068000
Jan  7 13:56:49 Deepin kernel: [    0.775352] pci 0000:00:07.3: quirk: [io  0x1000-0x103f] claimed by PIIX4 ACPI
Jan  7 13:56:49 Deepin kernel: [    0.775400] pci 0000:00:07.3: quirk: [io  0x1040-0x104f] claimed by PIIX4 SMB
Jan  7 13:56:49 Deepin kernel: [    0.775918] pci 0000:00:07.7: [15ad:0740] type 00 class 0x088000
Jan  7 13:56:49 Deepin kernel: [    0.776473] pci 0000:00:07.7: reg 0x10: [io  0x1080-0x10bf]
Jan  7 13:56:49 Deepin kernel: [    0.779420] pci 0000:00:0f.0: [15ad:0405] type 00 class 0x030000
Jan  7 13:56:49 Deepin kernel: [    0.782672] pci 0000:00:0f.0: reg 0x10: [io  0x10d0-0x10df]
Jan  7 13:56:49 Deepin kernel: [    0.785657] pci 0000:00:0f.0: reg 0x14: [mem 0xd0000000-0xd7ffffff]
Jan  7 13:56:49 Deepin kernel: [    0.788680] pci 0000:00:0f.0: reg 0x18: [mem 0xd8000000-0xd87fffff]
Jan  7 13:56:49 Deepin kernel: [    0.800501] pci 0000:00:0f.0: reg 0x30: [mem 0x00000000-0x00007fff pref]
Jan  7 13:56:49 Deepin kernel: [    0.801136] pci 0000:00:10.0: [1000:0030] type 00 class 0x010000
Jan  7 13:56:49 Deepin kernel: [    0.801931] pci 0000:00:10.0: reg 0x10: [io  0x1400-0x14ff]
Jan  7 13:56:49 Deepin kernel: [    0.803082] pci 0000:00:10.0: reg 0x14: [mem 0xd8820000-0xd883ffff 64bit]
Jan  7 13:56:49 Deepin kernel: [    0.803884] pci 0000:00:10.0: reg 0x1c: [mem 0xd8800000-0xd881ffff 64bit]
Jan  7 13:56:49 Deepin kernel: [    0.805473] pci 0000:00:10.0: reg 0x30: [mem 0x00000000-0x00003fff pref]
Jan  7 13:56:49 Deepin kernel: [    0.805890] pci 0000:00:11.0: [15ad:0790] type 01 class 0x060401
Jan  7 13:56:49 Deepin kernel: [    0.806885] pci 0000:00:11.0: System wakeup disabled by ACPI
Jan  7 13:56:49 Deepin kernel: [    0.807195] pci 0000:00:15.0: [15ad:07a0] type 01 class 0x060400
Jan  7 13:56:49 Deepin kernel: [    0.808199] pci 0000:00:15.0: PME# supported from D0 D3hot D3cold
Jan  7 13:56:49 Deepin kernel: [    0.808673] pci 0000:00:15.0: System wakeup disabled by ACPI
Jan  7 13:56:49 Deepin kernel: [    0.808903] pci 0000:00:15.1: [15ad:07a0] type 01 class 0x060400
Jan  7 13:56:49 Deepin kernel: [    0.809714] pci 0000:00:15.1: PME# supported from D0 D3hot D3cold
Jan  7 13:56:49 Deepin kernel: [    0.810179] pci 0000:00:15.1: System wakeup disabled by ACPI
Jan  7 13:56:49 Deepin kernel: [    0.810350] pci 0000:00:15.2: [15ad:07a0] type 01 class 0x060400
Jan  7 13:56:49 Deepin kernel: [    0.811100] pci 0000:00:15.2: PME# supported from D0 D3hot D3cold
Jan  7 13:56:49 Deepin kernel: [    0.811435] pci 0000:00:15.2: System wakeup disabled by ACPI
Jan  7 13:56:49 Deepin kernel: [    0.811732] pci 0000:00:15.3: [15ad:07a0] type 01 class 0x060400
Jan  7 13:56:49 Deepin kernel: [    0.812431] pci 0000:00:15.3: PME# supported from D0 D3hot D3cold
Jan  7 13:56:49 Deepin kernel: [    0.812770] pci 0000:00:15.3: System wakeup disabled by ACPI
Jan  7 13:56:49 Deepin kernel: [    0.812953] pci 0000:00:15.4: [15ad:07a0] type 01 class 0x060400
Jan  7 13:56:49 Deepin kernel: [    0.813761] pci 0000:00:15.4: PME# supported from D0 D3hot D3cold
Jan  7 13:56:49 Deepin kernel: [    0.814113] pci 0000:00:15.4: System wakeup disabled by ACPI
Jan  7 13:56:49 Deepin kernel: [    0.814277] pci 0000:00:15.5: [15ad:07a0] type 01 class 0x060400
Jan  7 13:56:49 Deepin kernel: [    0.814978] pci 0000:00:15.5: PME# supported from D0 D3hot D3cold
Jan  7 13:56:49 Deepin kernel: [    0.815301] pci 0000:00:15.5: System wakeup disabled by ACPI
Jan  7 13:56:49 Deepin kernel: [    0.815495] pci 0000:00:15.6: [15ad:07a0] type 01 class 0x060400
Jan  7 13:56:49 Deepin kernel: [    0.816195] pci 0000:00:15.6: PME# supported from D0 D3hot D3cold
Jan  7 13:56:49 Deepin kernel: [    0.816553] pci 0000:00:15.6: System wakeup disabled by ACPI
Jan  7 13:56:49 Deepin kernel: [    0.816720] pci 0000:00:15.7: [15ad:07a0] type 01 class 0x060400
Jan  7 13:56:49 Deepin kernel: [    0.817434] pci 0000:00:15.7: PME# supported from D0 D3hot D3cold
Jan  7 13:56:49 Deepin kernel: [    0.817792] pci 0000:00:15.7: System wakeup disabled by ACPI
Jan  7 13:56:49 Deepin kernel: [    0.817958] pci 0000:00:16.0: [15ad:07a0] type 01 class 0x060400
Jan  7 13:56:49 Deepin kernel: [    0.818653] pci 0000:00:16.0: PME# supported from D0 D3hot D3cold
Jan  7 13:56:49 Deepin kernel: [    0.818981] pci 0000:00:16.0: System wakeup disabled by ACPI
Jan  7 13:56:49 Deepin kernel: [    0.819171] pci 0000:00:16.1: [15ad:07a0] type 01 class 0x060400
Jan  7 13:56:49 Deepin kernel: [    0.819866] pci 0000:00:16.1: PME# supported from D0 D3hot D3cold
Jan  7 13:56:49 Deepin kernel: [    0.820220] pci 0000:00:16.1: System wakeup disabled by ACPI
Jan  7 13:56:49 Deepin kernel: [    0.820437] pci 0000:00:16.2: [15ad:07a0] type 01 class 0x060400
Jan  7 13:56:49 Deepin kernel: [    0.821152] pci 0000:00:16.2: PME# supported from D0 D3hot D3cold
Jan  7 13:56:49 Deepin kernel: [    0.821477] pci 0000:00:16.2: System wakeup disabled by ACPI
Jan  7 13:56:49 Deepin kernel: [    0.821709] pci 0000:00:16.3: [15ad:07a0] type 01 class 0x060400
Jan  7 13:56:49 Deepin kernel: [    0.822429] pci 0000:00:16.3: PME# supported from D0 D3hot D3cold
Jan  7 13:56:49 Deepin kernel: [    0.822757] pci 0000:00:16.3: System wakeup disabled by ACPI
Jan  7 13:56:49 Deepin kernel: [    0.822983] pci 0000:00:16.4: [15ad:07a0] type 01 class 0x060400
Jan  7 13:56:49 Deepin kernel: [    0.823682] pci 0000:00:16.4: PME# supported from D0 D3hot D3cold
Jan  7 13:56:49 Deepin kernel: [    0.824012] pci 0000:00:16.4: System wakeup disabled by ACPI
Jan  7 13:56:49 Deepin kernel: [    0.824215] pci 0000:00:16.5: [15ad:07a0] type 01 class 0x060400
Jan  7 13:56:49 Deepin kernel: [    0.824983] pci 0000:00:16.5: PME# supported from D0 D3hot D3cold
Jan  7 13:56:49 Deepin kernel: [    0.825317] pci 0000:00:16.5: System wakeup disabled by ACPI
Jan  7 13:56:49 Deepin kernel: [    0.825481] pci 0000:00:16.6: [15ad:07a0] type 01 class 0x060400
Jan  7 13:56:49 Deepin kernel: [    0.826178] pci 0000:00:16.6: PME# supported from D0 D3hot D3cold
Jan  7 13:56:49 Deepin kernel: [    0.826506] pci 0000:00:16.6: System wakeup disabled by ACPI
Jan  7 13:56:49 Deepin kernel: [    0.826697] pci 0000:00:16.7: [15ad:07a0] type 01 class 0x060400
Jan  7 13:56:49 Deepin kernel: [    0.827393] pci 0000:00:16.7: PME# supported from D0 D3hot D3cold
Jan  7 13:56:49 Deepin kernel: [    0.827717] pci 0000:00:16.7: System wakeup disabled by ACPI
Jan  7 13:56:49 Deepin kernel: [    0.827910] pci 0000:00:17.0: [15ad:07a0] type 01 class 0x060400
Jan  7 13:56:49 Deepin kernel: [    0.828606] pci 0000:00:17.0: PME# supported from D0 D3hot D3cold
Jan  7 13:56:49 Deepin kernel: [    0.828929] pci 0000:00:17.0: System wakeup disabled by ACPI
Jan  7 13:56:49 Deepin kernel: [    0.829108] pci 0000:00:17.1: [15ad:07a0] type 01 class 0x060400
Jan  7 13:56:49 Deepin kernel: [    0.829804] pci 0000:00:17.1: PME# supported from D0 D3hot D3cold
Jan  7 13:56:49 Deepin kernel: [    0.830166] pci 0000:00:17.1: System wakeup disabled by ACPI
Jan  7 13:56:49 Deepin kernel: [    0.830365] pci 0000:00:17.2: [15ad:07a0] type 01 class 0x060400
Jan  7 13:56:49 Deepin kernel: [    0.831088] pci 0000:00:17.2: PME# supported from D0 D3hot D3cold
Jan  7 13:56:49 Deepin kernel: [    0.831446] pci 0000:00:17.2: System wakeup disabled by ACPI
Jan  7 13:56:49 Deepin kernel: [    0.831787] pci 0000:00:17.3: [15ad:07a0] type 01 class 0x060400
Jan  7 13:56:49 Deepin kernel: [    0.832510] pci 0000:00:17.3: PME# supported from D0 D3hot D3cold
Jan  7 13:56:49 Deepin kernel: [    0.832854] pci 0000:00:17.3: System wakeup disabled by ACPI
Jan  7 13:56:49 Deepin kernel: [    0.833058] pci 0000:00:17.4: [15ad:07a0] type 01 class 0x060400
Jan  7 13:56:49 Deepin kernel: [    0.833763] pci 0000:00:17.4: PME# supported from D0 D3hot D3cold
Jan  7 13:56:49 Deepin kernel: [    0.834085] pci 0000:00:17.4: System wakeup disabled by ACPI
Jan  7 13:56:49 Deepin kernel: [    0.834278] pci 0000:00:17.5: [15ad:07a0] type 01 class 0x060400
Jan  7 13:56:49 Deepin kernel: [    0.834974] pci 0000:00:17.5: PME# supported from D0 D3hot D3cold
Jan  7 13:56:49 Deepin kernel: [    0.835358] pci 0000:00:17.5: System wakeup disabled by ACPI
Jan  7 13:56:49 Deepin kernel: [    0.835566] pci 0000:00:17.6: [15ad:07a0] type 01 class 0x060400
Jan  7 13:56:49 Deepin kernel: [    0.836272] pci 0000:00:17.6: PME# supported from D0 D3hot D3cold
Jan  7 13:56:49 Deepin kernel: [    0.836593] pci 0000:00:17.6: System wakeup disabled by ACPI
Jan  7 13:56:49 Deepin kernel: [    0.836755] pci 0000:00:17.7: [15ad:07a0] type 01 class 0x060400
Jan  7 13:56:49 Deepin kernel: [    0.837540] pci 0000:00:17.7: PME# supported from D0 D3hot D3cold
Jan  7 13:56:49 Deepin kernel: [    0.837885] pci 0000:00:17.7: System wakeup disabled by ACPI
Jan  7 13:56:49 Deepin kernel: [    0.838086] pci 0000:00:18.0: [15ad:07a0] type 01 class 0x060400
Jan  7 13:56:49 Deepin kernel: [    0.838793] pci 0000:00:18.0: PME# supported from D0 D3hot D3cold
Jan  7 13:56:49 Deepin kernel: [    0.839112] pci 0000:00:18.0: System wakeup disabled by ACPI
Jan  7 13:56:49 Deepin kernel: [    0.839302] pci 0000:00:18.1: [15ad:07a0] type 01 class 0x060400
Jan  7 13:56:49 Deepin kernel: [    0.840008] pci 0000:00:18.1: PME# supported from D0 D3hot D3cold
Jan  7 13:56:49 Deepin kernel: [    0.840334] pci 0000:00:18.1: System wakeup disabled by ACPI
Jan  7 13:56:49 Deepin kernel: [    0.840524] pci 0000:00:18.2: [15ad:07a0] type 01 class 0x060400
Jan  7 13:56:49 Deepin kernel: [    0.841255] pci 0000:00:18.2: PME# supported from D0 D3hot D3cold
Jan  7 13:56:49 Deepin kernel: [    0.841604] pci 0000:00:18.2: System wakeup disabled by ACPI
Jan  7 13:56:49 Deepin kernel: [    0.841894] pci 0000:00:18.3: [15ad:07a0] type 01 class 0x060400
Jan  7 13:56:49 Deepin kernel: [    0.842711] pci 0000:00:18.3: PME# supported from D0 D3hot D3cold
Jan  7 13:56:49 Deepin kernel: [    0.843034] pci 0000:00:18.3: System wakeup disabled by ACPI
Jan  7 13:56:49 Deepin kernel: [    0.843226] pci 0000:00:18.4: [15ad:07a0] type 01 class 0x060400
Jan  7 13:56:49 Deepin kernel: [    0.843978] pci 0000:00:18.4: PME# supported from D0 D3hot D3cold
Jan  7 13:56:49 Deepin kernel: [    0.844333] pci 0000:00:18.4: System wakeup disabled by ACPI
Jan  7 13:56:49 Deepin kernel: [    0.844506] pci 0000:00:18.5: [15ad:07a0] type 01 class 0x060400
Jan  7 13:56:49 Deepin kernel: [    0.845271] pci 0000:00:18.5: PME# supported from D0 D3hot D3cold
Jan  7 13:56:49 Deepin kernel: [    0.845627] pci 0000:00:18.5: System wakeup disabled by ACPI
Jan  7 13:56:49 Deepin kernel: [    0.845834] pci 0000:00:18.6: [15ad:07a0] type 01 class 0x060400
Jan  7 13:56:49 Deepin kernel: [    0.846551] pci 0000:00:18.6: PME# supported from D0 D3hot D3cold
Jan  7 13:56:49 Deepin kernel: [    0.846878] pci 0000:00:18.6: System wakeup disabled by ACPI
Jan  7 13:56:49 Deepin kernel: [    0.847092] pci 0000:00:18.7: [15ad:07a0] type 01 class 0x060400
Jan  7 13:56:49 Deepin kernel: [    0.847820] pci 0000:00:18.7: PME# supported from D0 D3hot D3cold
Jan  7 13:56:49 Deepin kernel: [    0.848149] pci 0000:00:18.7: System wakeup disabled by ACPI
Jan  7 13:56:49 Deepin kernel: [    0.849235] pci 0000:00:01.0: PCI bridge to [bus 01]
Jan  7 13:56:49 Deepin kernel: [    0.850661] acpiphp: Slot [32] registered
Jan  7 13:56:49 Deepin kernel: [    0.850728] acpiphp: Slot [33] registered
Jan  7 13:56:49 Deepin kernel: [    0.850772] acpiphp: Slot [34] registered
Jan  7 13:56:49 Deepin kernel: [    0.850816] acpiphp: Slot [35] registered
Jan  7 13:56:49 Deepin kernel: [    0.850858] acpiphp: Slot [36] registered
Jan  7 13:56:49 Deepin kernel: [    0.850899] acpiphp: Slot [37] registered
Jan  7 13:56:49 Deepin kernel: [    0.850941] acpiphp: Slot [38] registered
Jan  7 13:56:49 Deepin kernel: [    0.850982] acpiphp: Slot [39] registered
Jan  7 13:56:49 Deepin kernel: [    0.851049] acpiphp: Slot [40] registered
Jan  7 13:56:49 Deepin kernel: [    0.851117] acpiphp: Slot [41] registered
Jan  7 13:56:49 Deepin kernel: [    0.851160] acpiphp: Slot [42] registered
Jan  7 13:56:49 Deepin kernel: [    0.851201] acpiphp: Slot [43] registered
Jan  7 13:56:49 Deepin kernel: [    0.851254] acpiphp: Slot [44] registered
Jan  7 13:56:49 Deepin kernel: [    0.851296] acpiphp: Slot [45] registered
Jan  7 13:56:49 Deepin kernel: [    0.851337] acpiphp: Slot [46] registered
Jan  7 13:56:49 Deepin kernel: [    0.851378] acpiphp: Slot [47] registered
Jan  7 13:56:49 Deepin kernel: [    0.851419] acpiphp: Slot [48] registered
Jan  7 13:56:49 Deepin kernel: [    0.851459] acpiphp: Slot [49] registered
Jan  7 13:56:49 Deepin kernel: [    0.851526] acpiphp: Slot [50] registered
Jan  7 13:56:49 Deepin kernel: [    0.851575] acpiphp: Slot [51] registered
Jan  7 13:56:49 Deepin kernel: [    0.851618] acpiphp: Slot [52] registered
Jan  7 13:56:49 Deepin kernel: [    0.851660] acpiphp: Slot [53] registered
Jan  7 13:56:49 Deepin kernel: [    0.851701] acpiphp: Slot [54] registered
Jan  7 13:56:49 Deepin kernel: [    0.851742] acpiphp: Slot [55] registered
Jan  7 13:56:49 Deepin kernel: [    0.851783] acpiphp: Slot [56] registered
Jan  7 13:56:49 Deepin kernel: [    0.851823] acpiphp: Slot [57] registered
Jan  7 13:56:49 Deepin kernel: [    0.851864] acpiphp: Slot [58] registered
Jan  7 13:56:49 Deepin kernel: [    0.851905] acpiphp: Slot [59] registered
Jan  7 13:56:49 Deepin kernel: [    0.851969] acpiphp: Slot [60] registered
Jan  7 13:56:49 Deepin kernel: [    0.852011] acpiphp: Slot [61] registered
Jan  7 13:56:49 Deepin kernel: [    0.852052] acpiphp: Slot [62] registered
Jan  7 13:56:49 Deepin kernel: [    0.852093] acpiphp: Slot [63] registered
Jan  7 13:56:49 Deepin kernel: [    0.852183] pci 0000:02:00.0: [8086:7112] type 00 class 0x0c0300
Jan  7 13:56:49 Deepin kernel: [    0.854219] pci 0000:02:00.0: reg 0x20: [io  0x20c0-0x20df]
Jan  7 13:56:49 Deepin kernel: [    0.855262] pci 0000:02:00.0: System wakeup disabled by ACPI
Jan  7 13:56:49 Deepin kernel: [    0.855503] pci 0000:02:01.0: [1022:2000] type 00 class 0x020000
Jan  7 13:56:49 Deepin kernel: [    0.855962] pci 0000:02:01.0: reg 0x10: [io  0x2000-0x207f]
Jan  7 13:56:49 Deepin kernel: [    0.858475] pci 0000:02:01.0: reg 0x30: [mem 0x00000000-0x0000ffff pref]
Jan  7 13:56:49 Deepin kernel: [    0.858656] pci 0000:02:01.0: System wakeup disabled by ACPI
Jan  7 13:56:49 Deepin kernel: [    0.858753] pci 0000:02:02.0: [1274:1371] type 00 class 0x040100
Jan  7 13:56:49 Deepin kernel: [    0.859204] pci 0000:02:02.0: reg 0x10: [io  0x2080-0x20bf]
Jan  7 13:56:49 Deepin kernel: [    0.861959] pci 0000:02:02.0: System wakeup disabled by ACPI
Jan  7 13:56:49 Deepin kernel: [    0.862151] pci 0000:02:03.0: [15ad:0770] type 00 class 0x0c0320
Jan  7 13:56:49 Deepin kernel: [    0.862502] pci 0000:02:03.0: reg 0x10: [mem 0xd8900000-0xd8900fff]
Jan  7 13:56:49 Deepin kernel: [    0.864219] pci 0000:02:03.0: System wakeup disabled by ACPI
Jan  7 13:56:49 Deepin kernel: [    0.864567] pci 0000:00:11.0: PCI bridge to [bus 02] (subtractive decode)
Jan  7 13:56:49 Deepin kernel: [    0.864626] pci 0000:00:11.0:   bridge window [io  0x2000-0x3fff]
Jan  7 13:56:49 Deepin kernel: [    0.864675] pci 0000:00:11.0:   bridge window [mem 0xd8900000-0xd9cfffff]
Jan  7 13:56:49 Deepin kernel: [    0.864803] pci 0000:00:11.0:   bridge window [mem 0xdc400000-0xdc9fffff 64bit pref]
Jan  7 13:56:49 Deepin kernel: [    0.864840] pci 0000:00:11.0:   bridge window [mem 0x000a0000-0x000bffff] (subtractive decode)
Jan  7 13:56:49 Deepin kernel: [    0.864849] pci 0000:00:11.0:   bridge window [mem 0x000cc000-0x000cffff] (subtractive decode)
Jan  7 13:56:49 Deepin kernel: [    0.864857] pci 0000:00:11.0:   bridge window [mem 0x000d0000-0x000d3fff] (subtractive decode)
Jan  7 13:56:49 Deepin kernel: [    0.864865] pci 0000:00:11.0:   bridge window [mem 0x000d4000-0x000d7fff] (subtractive decode)
Jan  7 13:56:49 Deepin kernel: [    0.864872] pci 0000:00:11.0:   bridge window [mem 0x000d8000-0x000dbfff] (subtractive decode)
Jan  7 13:56:49 Deepin kernel: [    0.864880] pci 0000:00:11.0:   bridge window [mem 0x000e4000-0x000e7fff] (subtractive decode)
Jan  7 13:56:49 Deepin kernel: [    0.864887] pci 0000:00:11.0:   bridge window [mem 0x40000000-0xfebfffff] (subtractive decode)
Jan  7 13:56:49 Deepin kernel: [    0.864895] pci 0000:00:11.0:   bridge window [io  0x0000-0x0cf7] (subtractive decode)
Jan  7 13:56:49 Deepin kernel: [    0.864903] pci 0000:00:11.0:   bridge window [io  0x0d00-0xfeff] (subtractive decode)
Jan  7 13:56:49 Deepin kernel: [    0.865620] pci 0000:00:15.0: PCI bridge to [bus 03]
Jan  7 13:56:49 Deepin kernel: [    0.865652] pci 0000:00:15.0:   bridge window [io  0x4000-0x4fff]
Jan  7 13:56:49 Deepin kernel: [    0.865683] pci 0000:00:15.0:   bridge window [mem 0xd9d00000-0xd9dfffff]
Jan  7 13:56:49 Deepin kernel: [    0.865739] pci 0000:00:15.0:   bridge window [mem 0xdca00000-0xdcafffff 64bit pref]
Jan  7 13:56:49 Deepin kernel: [    0.866296] pci 0000:00:15.1: PCI bridge to [bus 04]
Jan  7 13:56:49 Deepin kernel: [    0.866328] pci 0000:00:15.1:   bridge window [io  0x8000-0x8fff]
Jan  7 13:56:49 Deepin kernel: [    0.866358] pci 0000:00:15.1:   bridge window [mem 0xda100000-0xda1fffff]
Jan  7 13:56:49 Deepin kernel: [    0.866406] pci 0000:00:15.1:   bridge window [mem 0xdce00000-0xdcefffff 64bit pref]
Jan  7 13:56:49 Deepin kernel: [    0.866918] pci 0000:00:15.2: PCI bridge to [bus 05]
Jan  7 13:56:49 Deepin kernel: [    0.866949] pci 0000:00:15.2:   bridge window [io  0xc000-0xcfff]
Jan  7 13:56:49 Deepin kernel: [    0.866978] pci 0000:00:15.2:   bridge window [mem 0xda500000-0xda5fffff]
Jan  7 13:56:49 Deepin kernel: [    0.867026] pci 0000:00:15.2:   bridge window [mem 0xdd200000-0xdd2fffff 64bit pref]
Jan  7 13:56:49 Deepin kernel: [    0.867509] pci 0000:00:15.3: PCI bridge to [bus 06]
Jan  7 13:56:49 Deepin kernel: [    0.867560] pci 0000:00:15.3:   bridge window [mem 0xda900000-0xda9fffff]
Jan  7 13:56:49 Deepin kernel: [    0.867609] pci 0000:00:15.3:   bridge window [mem 0xdd600000-0xdd6fffff 64bit pref]
Jan  7 13:56:49 Deepin kernel: [    0.868120] pci 0000:00:15.4: PCI bridge to [bus 07]
Jan  7 13:56:49 Deepin kernel: [    0.868169] pci 0000:00:15.4:   bridge window [mem 0xdad00000-0xdadfffff]
Jan  7 13:56:49 Deepin kernel: [    0.868218] pci 0000:00:15.4:   bridge window [mem 0xdda00000-0xddafffff 64bit pref]
Jan  7 13:56:49 Deepin kernel: [    0.868679] pci 0000:00:15.5: PCI bridge to [bus 08]
Jan  7 13:56:49 Deepin kernel: [    0.868764] pci 0000:00:15.5:   bridge window [mem 0xdb100000-0xdb1fffff]
Jan  7 13:56:49 Deepin kernel: [    0.868814] pci 0000:00:15.5:   bridge window [mem 0xdde00000-0xddefffff 64bit pref]
Jan  7 13:56:49 Deepin kernel: [    0.869275] pci 0000:00:15.6: PCI bridge to [bus 09]
Jan  7 13:56:49 Deepin kernel: [    0.869324] pci 0000:00:15.6:   bridge window [mem 0xdb500000-0xdb5fffff]
Jan  7 13:56:49 Deepin kernel: [    0.869376] pci 0000:00:15.6:   bridge window [mem 0xde200000-0xde2fffff 64bit pref]
Jan  7 13:56:49 Deepin kernel: [    0.869862] pci 0000:00:15.7: PCI bridge to [bus 0a]
Jan  7 13:56:49 Deepin kernel: [    0.869911] pci 0000:00:15.7:   bridge window [mem 0xdb900000-0xdb9fffff]
Jan  7 13:56:49 Deepin kernel: [    0.869977] pci 0000:00:15.7:   bridge window [mem 0xde600000-0xde6fffff 64bit pref]
Jan  7 13:56:49 Deepin kernel: [    0.870440] pci 0000:00:16.0: PCI bridge to [bus 0b]
Jan  7 13:56:49 Deepin kernel: [    0.870470] pci 0000:00:16.0:   bridge window [io  0x5000-0x5fff]
Jan  7 13:56:49 Deepin kernel: [    0.870499] pci 0000:00:16.0:   bridge window [mem 0xd9e00000-0xd9efffff]
Jan  7 13:56:49 Deepin kernel: [    0.870547] pci 0000:00:16.0:   bridge window [mem 0xdcb00000-0xdcbfffff 64bit pref]
Jan  7 13:56:49 Deepin kernel: [    0.871099] pci 0000:00:16.1: PCI bridge to [bus 0c]
Jan  7 13:56:49 Deepin kernel: [    0.871130] pci 0000:00:16.1:   bridge window [io  0x9000-0x9fff]
Jan  7 13:56:49 Deepin kernel: [    0.871159] pci 0000:00:16.1:   bridge window [mem 0xda200000-0xda2fffff]
Jan  7 13:56:49 Deepin kernel: [    0.871217] pci 0000:00:16.1:   bridge window [mem 0xdcf00000-0xdcffffff 64bit pref]
Jan  7 13:56:49 Deepin kernel: [    0.871680] pci 0000:00:16.2: PCI bridge to [bus 0d]
Jan  7 13:56:49 Deepin kernel: [    0.871710] pci 0000:00:16.2:   bridge window [io  0xd000-0xdfff]
Jan  7 13:56:49 Deepin kernel: [    0.871739] pci 0000:00:16.2:   bridge window [mem 0xda600000-0xda6fffff]
Jan  7 13:56:49 Deepin kernel: [    0.871787] pci 0000:00:16.2:   bridge window [mem 0xdd300000-0xdd3fffff 64bit pref]
Jan  7 13:56:49 Deepin kernel: [    0.872246] pci 0000:00:16.3: PCI bridge to [bus 0e]
Jan  7 13:56:49 Deepin kernel: [    0.872295] pci 0000:00:16.3:   bridge window [mem 0xdaa00000-0xdaafffff]
Jan  7 13:56:49 Deepin kernel: [    0.872343] pci 0000:00:16.3:   bridge window [mem 0xdd700000-0xdd7fffff 64bit pref]
Jan  7 13:56:49 Deepin kernel: [    0.872873] pci 0000:00:16.4: PCI bridge to [bus 0f]
Jan  7 13:56:49 Deepin kernel: [    0.872922] pci 0000:00:16.4:   bridge window [mem 0xdae00000-0xdaefffff]
Jan  7 13:56:49 Deepin kernel: [    0.872970] pci 0000:00:16.4:   bridge window [mem 0xddb00000-0xddbfffff 64bit pref]
Jan  7 13:56:49 Deepin kernel: [    0.873432] pci 0000:00:16.5: PCI bridge to [bus 10]
Jan  7 13:56:49 Deepin kernel: [    0.873481] pci 0000:00:16.5:   bridge window [mem 0xdb200000-0xdb2fffff]
Jan  7 13:56:49 Deepin kernel: [    0.873529] pci 0000:00:16.5:   bridge window [mem 0xddf00000-0xddffffff 64bit pref]
Jan  7 13:56:49 Deepin kernel: [    0.874536] pci 0000:00:16.6: PCI bridge to [bus 11]
Jan  7 13:56:49 Deepin kernel: [    0.874587] pci 0000:00:16.6:   bridge window [mem 0xdb600000-0xdb6fffff]
Jan  7 13:56:49 Deepin kernel: [    0.874636] pci 0000:00:16.6:   bridge window [mem 0xde300000-0xde3fffff 64bit pref]
Jan  7 13:56:49 Deepin kernel: [    0.875124] pci 0000:00:16.7: PCI bridge to [bus 12]
Jan  7 13:56:49 Deepin kernel: [    0.875173] pci 0000:00:16.7:   bridge window [mem 0xdba00000-0xdbafffff]
Jan  7 13:56:49 Deepin kernel: [    0.875221] pci 0000:00:16.7:   bridge window [mem 0xde700000-0xde7fffff 64bit pref]
Jan  7 13:56:49 Deepin kernel: [    0.875711] pci 0000:00:17.0: PCI bridge to [bus 13]
Jan  7 13:56:49 Deepin kernel: [    0.875741] pci 0000:00:17.0:   bridge window [io  0x6000-0x6fff]
Jan  7 13:56:49 Deepin kernel: [    0.875770] pci 0000:00:17.0:   bridge window [mem 0xd9f00000-0xd9ffffff]
Jan  7 13:56:49 Deepin kernel: [    0.875818] pci 0000:00:17.0:   bridge window [mem 0xdcc00000-0xdccfffff 64bit pref]
Jan  7 13:56:49 Deepin kernel: [    0.876326] pci 0000:00:17.1: PCI bridge to [bus 14]
Jan  7 13:56:49 Deepin kernel: [    0.876359] pci 0000:00:17.1:   bridge window [io  0xa000-0xafff]
Jan  7 13:56:49 Deepin kernel: [    0.876390] pci 0000:00:17.1:   bridge window [mem 0xda300000-0xda3fffff]
Jan  7 13:56:49 Deepin kernel: [    0.876438] pci 0000:00:17.1:   bridge window [mem 0xdd000000-0xdd0fffff 64bit pref]
Jan  7 13:56:49 Deepin kernel: [    0.876923] pci 0000:00:17.2: PCI bridge to [bus 15]
Jan  7 13:56:49 Deepin kernel: [    0.876953] pci 0000:00:17.2:   bridge window [io  0xe000-0xefff]
Jan  7 13:56:49 Deepin kernel: [    0.876983] pci 0000:00:17.2:   bridge window [mem 0xda700000-0xda7fffff]
Jan  7 13:56:49 Deepin kernel: [    0.877031] pci 0000:00:17.2:   bridge window [mem 0xdd400000-0xdd4fffff 64bit pref]
Jan  7 13:56:49 Deepin kernel: [    0.877592] pci 0000:00:17.3: PCI bridge to [bus 16]
Jan  7 13:56:49 Deepin kernel: [    0.877642] pci 0000:00:17.3:   bridge window [mem 0xdab00000-0xdabfffff]
Jan  7 13:56:49 Deepin kernel: [    0.877691] pci 0000:00:17.3:   bridge window [mem 0xdd800000-0xdd8fffff 64bit pref]
Jan  7 13:56:49 Deepin kernel: [    0.878169] pci 0000:00:17.4: PCI bridge to [bus 17]
Jan  7 13:56:49 Deepin kernel: [    0.878241] pci 0000:00:17.4:   bridge window [mem 0xdaf00000-0xdaffffff]
Jan  7 13:56:49 Deepin kernel: [    0.878289] pci 0000:00:17.4:   bridge window [mem 0xddc00000-0xddcfffff 64bit pref]
Jan  7 13:56:49 Deepin kernel: [    0.878803] pci 0000:00:17.5: PCI bridge to [bus 18]
Jan  7 13:56:49 Deepin kernel: [    0.878852] pci 0000:00:17.5:   bridge window [mem 0xdb300000-0xdb3fffff]
Jan  7 13:56:49 Deepin kernel: [    0.878900] pci 0000:00:17.5:   bridge window [mem 0xde000000-0xde0fffff 64bit pref]
Jan  7 13:56:49 Deepin kernel: [    0.879381] pci 0000:00:17.6: PCI bridge to [bus 19]
Jan  7 13:56:49 Deepin kernel: [    0.879438] pci 0000:00:17.6:   bridge window [mem 0xdb700000-0xdb7fffff]
Jan  7 13:56:49 Deepin kernel: [    0.879487] pci 0000:00:17.6:   bridge window [mem 0xde400000-0xde4fffff 64bit pref]
Jan  7 13:56:49 Deepin kernel: [    0.879948] pci 0000:00:17.7: PCI bridge to [bus 1a]
Jan  7 13:56:49 Deepin kernel: [    0.880024] pci 0000:00:17.7:   bridge window [mem 0xdbb00000-0xdbbfffff]
Jan  7 13:56:49 Deepin kernel: [    0.880075] pci 0000:00:17.7:   bridge window [mem 0xde800000-0xde8fffff 64bit pref]
Jan  7 13:56:49 Deepin kernel: [    0.880583] pci 0000:00:18.0: PCI bridge to [bus 1b]
Jan  7 13:56:49 Deepin kernel: [    0.880614] pci 0000:00:18.0:   bridge window [io  0x7000-0x7fff]
Jan  7 13:56:49 Deepin kernel: [    0.880643] pci 0000:00:18.0:   bridge window [mem 0xda000000-0xda0fffff]
Jan  7 13:56:49 Deepin kernel: [    0.880691] pci 0000:00:18.0:   bridge window [mem 0xdcd00000-0xdcdfffff 64bit pref]
Jan  7 13:56:49 Deepin kernel: [    0.881224] pci 0000:00:18.1: PCI bridge to [bus 1c]
Jan  7 13:56:49 Deepin kernel: [    0.881256] pci 0000:00:18.1:   bridge window [io  0xb000-0xbfff]
Jan  7 13:56:49 Deepin kernel: [    0.881285] pci 0000:00:18.1:   bridge window [mem 0xda400000-0xda4fffff]
Jan  7 13:56:49 Deepin kernel: [    0.881333] pci 0000:00:18.1:   bridge window [mem 0xdd100000-0xdd1fffff 64bit pref]
Jan  7 13:56:49 Deepin kernel: [    0.881827] pci 0000:00:18.2: PCI bridge to [bus 1d]
Jan  7 13:56:49 Deepin kernel: [    0.881857] pci 0000:00:18.2:   bridge window [io  0xf000-0xffff]
Jan  7 13:56:49 Deepin kernel: [    0.881886] pci 0000:00:18.2:   bridge window [mem 0xda800000-0xda8fffff]
Jan  7 13:56:49 Deepin kernel: [    0.881935] pci 0000:00:18.2:   bridge window [mem 0xdd500000-0xdd5fffff 64bit pref]
Jan  7 13:56:49 Deepin kernel: [    0.882398] pci 0000:00:18.3: PCI bridge to [bus 1e]
Jan  7 13:56:49 Deepin kernel: [    0.882447] pci 0000:00:18.3:   bridge window [mem 0xdac00000-0xdacfffff]
Jan  7 13:56:49 Deepin kernel: [    0.882499] pci 0000:00:18.3:   bridge window [mem 0xdd900000-0xdd9fffff 64bit pref]
Jan  7 13:56:49 Deepin kernel: [    0.882966] pci 0000:00:18.4: PCI bridge to [bus 1f]
Jan  7 13:56:49 Deepin kernel: [    0.883016] pci 0000:00:18.4:   bridge window [mem 0xdb000000-0xdb0fffff]
Jan  7 13:56:49 Deepin kernel: [    0.883064] pci 0000:00:18.4:   bridge window [mem 0xddd00000-0xdddfffff 64bit pref]
Jan  7 13:56:49 Deepin kernel: [    0.883627] pci 0000:00:18.5: PCI bridge to [bus 20]
Jan  7 13:56:49 Deepin kernel: [    0.883676] pci 0000:00:18.5:   bridge window [mem 0xdb400000-0xdb4fffff]
Jan  7 13:56:49 Deepin kernel: [    0.883748] pci 0000:00:18.5:   bridge window [mem 0xde100000-0xde1fffff 64bit pref]
Jan  7 13:56:49 Deepin kernel: [    0.884222] pci 0000:00:18.6: PCI bridge to [bus 21]
Jan  7 13:56:49 Deepin kernel: [    0.884271] pci 0000:00:18.6:   bridge window [mem 0xdb800000-0xdb8fffff]
Jan  7 13:56:49 Deepin kernel: [    0.884319] pci 0000:00:18.6:   bridge window [mem 0xde500000-0xde5fffff 64bit pref]
Jan  7 13:56:49 Deepin kernel: [    0.884837] pci 0000:00:18.7: PCI bridge to [bus 22]
Jan  7 13:56:49 Deepin kernel: [    0.884886] pci 0000:00:18.7:   bridge window [mem 0xdbc00000-0xdbcfffff]
Jan  7 13:56:49 Deepin kernel: [    0.884935] pci 0000:00:18.7:   bridge window [mem 0xde900000-0xde9fffff 64bit pref]
Jan  7 13:56:49 Deepin kernel: [    0.887412] pci_bus 0000:00: on NUMA node 0
Jan  7 13:56:49 Deepin kernel: [    0.888162] ACPI: PCI Interrupt Link [LNKA] (IRQs 3 4 5 6 7 *9 10 11 14 15)
Jan  7 13:56:49 Deepin kernel: [    0.888416] ACPI: PCI Interrupt Link [LNKB] (IRQs 3 4 5 6 7 9 10 *11 14 15)
Jan  7 13:56:49 Deepin kernel: [    0.888565] ACPI: PCI Interrupt Link [LNKC] (IRQs 3 4 5 6 7 9 *10 11 14 15)
Jan  7 13:56:49 Deepin kernel: [    0.888752] ACPI: PCI Interrupt Link [LNKD] (IRQs 3 4 *5 6 7 9 10 11 14 15)
Jan  7 13:56:49 Deepin kernel: [    0.913007] ACPI: Enabled 2 GPEs in block 00 to 0F
Jan  7 13:56:49 Deepin kernel: [    0.913199] ACPI: \_SB_.PCI0: notify handler is installed
Jan  7 13:56:49 Deepin kernel: [    0.913529] Found 1 acpi root devices
Jan  7 13:56:49 Deepin kernel: [    0.915749] vgaarb: setting as boot device: PCI:0000:00:0f.0
Jan  7 13:56:49 Deepin kernel: [    0.915811] vgaarb: device added: PCI:0000:00:0f.0,decodes=io+mem,owns=io+mem,locks=none
Jan  7 13:56:49 Deepin kernel: [    0.915867] vgaarb: loaded
Jan  7 13:56:49 Deepin kernel: [    0.915905] vgaarb: bridge control possible 0000:00:0f.0
Jan  7 13:56:49 Deepin kernel: [    0.917783] SCSI subsystem initialized
Jan  7 13:56:49 Deepin kernel: [    0.918308] libata version 3.00 loaded.
Jan  7 13:56:49 Deepin kernel: [    0.918555] ACPI: bus type USB registered
Jan  7 13:56:49 Deepin kernel: [    0.918816] usbcore: registered new interface driver usbfs
Jan  7 13:56:49 Deepin kernel: [    0.918954] usbcore: registered new interface driver hub
Jan  7 13:56:49 Deepin kernel: [    0.919179] usbcore: registered new device driver usb
Jan  7 13:56:49 Deepin kernel: [    0.920405] PCI: Using ACPI for IRQ routing
Jan  7 13:56:49 Deepin kernel: [    0.986516] PCI: pci_cache_line_size set to 64 bytes
Jan  7 13:56:49 Deepin kernel: [    0.986682] pci 0000:00:18.2: no compatible bridge window for [io  0xf000-0xffff]
Jan  7 13:56:49 Deepin kernel: [    0.987816] e820: reserve RAM buffer [mem 0x0009f800-0x0009ffff]
Jan  7 13:56:49 Deepin kernel: [    0.987909] e820: reserve RAM buffer [mem 0x3fef0000-0x3fffffff]
Jan  7 13:56:49 Deepin kernel: [    0.991403] NetLabel: Initializing
Jan  7 13:56:49 Deepin kernel: [    0.991417] NetLabel:  domain hash size = 128
Jan  7 13:56:49 Deepin kernel: [    0.991426] NetLabel:  protocols = UNLABELED CIPSOv4
Jan  7 13:56:49 Deepin kernel: [    0.992120] NetLabel:  unlabeled traffic allowed by default
Jan  7 13:56:49 Deepin kernel: [    0.993248] Switched to clocksource refined-jiffies
Jan  7 13:56:49 Deepin kernel: [    1.035572] AppArmor: AppArmor Filesystem Enabled
Jan  7 13:56:49 Deepin kernel: [    1.036112] pnp: PnP ACPI init
Jan  7 13:56:49 Deepin kernel: [    1.036207] ACPI: bus type PNP registered
Jan  7 13:56:49 Deepin kernel: [    1.037518] system 00:00: [io  0x1000-0x103f] could not be reserved
Jan  7 13:56:49 Deepin kernel: [    1.037541] system 00:00: [io  0x1040-0x104f] has been reserved
Jan  7 13:56:49 Deepin kernel: [    1.037551] system 00:00: [io  0x0cf0-0x0cf1] has been reserved
Jan  7 13:56:49 Deepin kernel: [    1.037621] system 00:00: Plug and Play ACPI device, IDs PNP0c02 (active)
Jan  7 13:56:49 Deepin kernel: [    1.037776] pnp 00:01: [dma 4]
Jan  7 13:56:49 Deepin kernel: [    1.037913] pnp 00:01: Plug and Play ACPI device, IDs PNP0200 (active)
Jan  7 13:56:49 Deepin kernel: [    1.038015] pnp 00:02: Plug and Play ACPI device, IDs PNP0001 (active)
Jan  7 13:56:49 Deepin kernel: [    1.038386] pnp 00:03: Plug and Play ACPI device, IDs PNP0b00 (active)
Jan  7 13:56:49 Deepin kernel: [    1.038556] pnp 00:04: Plug and Play ACPI device, IDs PNP0800 (active)
Jan  7 13:56:49 Deepin kernel: [    1.038611] pnp 00:05: Plug and Play ACPI device, IDs PNP0303 (active)
Jan  7 13:56:49 Deepin kernel: [    1.038690] pnp 00:06: Plug and Play ACPI device, IDs PNP0f13 (active)
Jan  7 13:56:49 Deepin kernel: [    1.049302] pnp 00:07: Plug and Play ACPI device, IDs PNP0400 (active)
Jan  7 13:56:49 Deepin kernel: [    1.059078] pnp 00:08: Plug and Play ACPI device, IDs PNP0501 (active)
Jan  7 13:56:49 Deepin kernel: [    1.067275] pnp 00:09: Plug and Play ACPI device, IDs PNP0501 (active)
Jan  7 13:56:49 Deepin kernel: [    1.076482] pnp 00:0a: [dma 2]
Jan  7 13:56:49 Deepin kernel: [    1.078370] pnp 00:0a: Plug and Play ACPI device, IDs PNP0700 (active)
Jan  7 13:56:49 Deepin kernel: [    1.078994] system 00:0b: [io  0x1060-0x107f] has been reserved
Jan  7 13:56:49 Deepin kernel: [    1.079034] system 00:0b: [mem 0xe0000000-0xefffffff] has been reserved
Jan  7 13:56:49 Deepin kernel: [    1.079050] system 00:0b: [mem 0xdbe00000-0xdbffffff] has been reserved
Jan  7 13:56:49 Deepin kernel: [    1.079063] system 00:0b: Plug and Play ACPI device, IDs PNP0c02 (active)
Jan  7 13:56:49 Deepin kernel: [    1.086555] pnp: PnP ACPI: found 12 devices
Jan  7 13:56:49 Deepin kernel: [    1.086599] ACPI: bus type PNP unregistered
Jan  7 13:56:49 Deepin kernel: [    1.086648] PnPBIOS: Disabled by ACPI PNP
Jan  7 13:56:49 Deepin kernel: [    1.128205] Switched to clocksource acpi_pm
Jan  7 13:56:49 Deepin kernel: [    1.128592] pci 0000:00:15.3: bridge window [io  0x1000-0x0fff] to [bus 06] add_size 1000
Jan  7 13:56:49 Deepin kernel: [    1.128667] pci 0000:00:15.4: bridge window [io  0x1000-0x0fff] to [bus 07] add_size 1000
Jan  7 13:56:49 Deepin kernel: [    1.128738] pci 0000:00:15.5: bridge window [io  0x1000-0x0fff] to [bus 08] add_size 1000
Jan  7 13:56:49 Deepin kernel: [    1.128807] pci 0000:00:15.6: bridge window [io  0x1000-0x0fff] to [bus 09] add_size 1000
Jan  7 13:56:49 Deepin kernel: [    1.128875] pci 0000:00:15.7: bridge window [io  0x1000-0x0fff] to [bus 0a] add_size 1000
Jan  7 13:56:49 Deepin kernel: [    1.128950] pci 0000:00:16.3: bridge window [io  0x1000-0x0fff] to [bus 0e] add_size 1000
Jan  7 13:56:49 Deepin kernel: [    1.129018] pci 0000:00:16.4: bridge window [io  0x1000-0x0fff] to [bus 0f] add_size 1000
Jan  7 13:56:49 Deepin kernel: [    1.129093] pci 0000:00:16.5: bridge window [io  0x1000-0x0fff] to [bus 10] add_size 1000
Jan  7 13:56:49 Deepin kernel: [    1.129162] pci 0000:00:16.6: bridge window [io  0x1000-0x0fff] to [bus 11] add_size 1000
Jan  7 13:56:49 Deepin kernel: [    1.129230] pci 0000:00:16.7: bridge window [io  0x1000-0x0fff] to [bus 12] add_size 1000
Jan  7 13:56:49 Deepin kernel: [    1.129305] pci 0000:00:17.3: bridge window [io  0x1000-0x0fff] to [bus 16] add_size 1000
Jan  7 13:56:49 Deepin kernel: [    1.129374] pci 0000:00:17.4: bridge window [io  0x1000-0x0fff] to [bus 17] add_size 1000
Jan  7 13:56:49 Deepin kernel: [    1.129441] pci 0000:00:17.5: bridge window [io  0x1000-0x0fff] to [bus 18] add_size 1000
Jan  7 13:56:49 Deepin kernel: [    1.129508] pci 0000:00:17.6: bridge window [io  0x1000-0x0fff] to [bus 19] add_size 1000
Jan  7 13:56:49 Deepin kernel: [    1.129583] pci 0000:00:17.7: bridge window [io  0x1000-0x0fff] to [bus 1a] add_size 1000
Jan  7 13:56:49 Deepin kernel: [    1.129658] pci 0000:00:18.2: bridge window [io  0x1000-0x0fff] to [bus 1d] add_size 1000
Jan  7 13:56:49 Deepin kernel: [    1.129727] pci 0000:00:18.3: bridge window [io  0x1000-0x0fff] to [bus 1e] add_size 1000
Jan  7 13:56:49 Deepin kernel: [    1.129795] pci 0000:00:18.4: bridge window [io  0x1000-0x0fff] to [bus 1f] add_size 1000
Jan  7 13:56:49 Deepin kernel: [    1.129870] pci 0000:00:18.5: bridge window [io  0x1000-0x0fff] to [bus 20] add_size 1000
Jan  7 13:56:49 Deepin kernel: [    1.129941] pci 0000:00:18.6: bridge window [io  0x1000-0x0fff] to [bus 21] add_size 1000
Jan  7 13:56:49 Deepin kernel: [    1.130016] pci 0000:00:18.7: bridge window [io  0x1000-0x0fff] to [bus 22] add_size 1000
Jan  7 13:56:49 Deepin kernel: [    1.130091] pci 0000:00:15.3: res[13]=[io  0x1000-0x0fff] get_res_add_size add_size 1000
Jan  7 13:56:49 Deepin kernel: [    1.130106] pci 0000:00:15.4: res[13]=[io  0x1000-0x0fff] get_res_add_size add_size 1000
Jan  7 13:56:49 Deepin kernel: [    1.130114] pci 0000:00:15.5: res[13]=[io  0x1000-0x0fff] get_res_add_size add_size 1000
Jan  7 13:56:49 Deepin kernel: [    1.130122] pci 0000:00:15.6: res[13]=[io  0x1000-0x0fff] get_res_add_size add_size 1000
Jan  7 13:56:49 Deepin kernel: [    1.130129] pci 0000:00:15.7: res[13]=[io  0x1000-0x0fff] get_res_add_size add_size 1000
Jan  7 13:56:49 Deepin kernel: [    1.130137] pci 0000:00:16.3: res[13]=[io  0x1000-0x0fff] get_res_add_size add_size 1000
Jan  7 13:56:49 Deepin kernel: [    1.130144] pci 0000:00:16.4: res[13]=[io  0x1000-0x0fff] get_res_add_size add_size 1000
Jan  7 13:56:49 Deepin kernel: [    1.130152] pci 0000:00:16.5: res[13]=[io  0x1000-0x0fff] get_res_add_size add_size 1000
Jan  7 13:56:49 Deepin kernel: [    1.130159] pci 0000:00:16.6: res[13]=[io  0x1000-0x0fff] get_res_add_size add_size 1000
Jan  7 13:56:49 Deepin kernel: [    1.130167] pci 0000:00:16.7: res[13]=[io  0x1000-0x0fff] get_res_add_size add_size 1000
Jan  7 13:56:49 Deepin kernel: [    1.130174] pci 0000:00:17.3: res[13]=[io  0x1000-0x0fff] get_res_add_size add_size 1000
Jan  7 13:56:49 Deepin kernel: [    1.130182] pci 0000:00:17.4: res[13]=[io  0x1000-0x0fff] get_res_add_size add_size 1000
Jan  7 13:56:49 Deepin kernel: [    1.130189] pci 0000:00:17.5: res[13]=[io  0x1000-0x0fff] get_res_add_size add_size 1000
Jan  7 13:56:49 Deepin kernel: [    1.130196] pci 0000:00:17.6: res[13]=[io  0x1000-0x0fff] get_res_add_size add_size 1000
Jan  7 13:56:49 Deepin kernel: [    1.130204] pci 0000:00:17.7: res[13]=[io  0x1000-0x0fff] get_res_add_size add_size 1000
Jan  7 13:56:49 Deepin kernel: [    1.130211] pci 0000:00:18.2: res[13]=[io  0x1000-0x0fff] get_res_add_size add_size 1000
Jan  7 13:56:49 Deepin kernel: [    1.130219] pci 0000:00:18.3: res[13]=[io  0x1000-0x0fff] get_res_add_size add_size 1000
Jan  7 13:56:49 Deepin kernel: [    1.130226] pci 0000:00:18.4: res[13]=[io  0x1000-0x0fff] get_res_add_size add_size 1000
Jan  7 13:56:49 Deepin kernel: [    1.130234] pci 0000:00:18.5: res[13]=[io  0x1000-0x0fff] get_res_add_size add_size 1000
Jan  7 13:56:49 Deepin kernel: [    1.130241] pci 0000:00:18.6: res[13]=[io  0x1000-0x0fff] get_res_add_size add_size 1000
Jan  7 13:56:49 Deepin kernel: [    1.130248] pci 0000:00:18.7: res[13]=[io  0x1000-0x0fff] get_res_add_size add_size 1000
Jan  7 13:56:49 Deepin kernel: [    1.130323] pci 0000:00:0f.0: BAR 6: assigned [mem 0x40000000-0x40007fff pref]
Jan  7 13:56:49 Deepin kernel: [    1.130398] pci 0000:00:10.0: BAR 6: assigned [mem 0x40008000-0x4000bfff pref]
Jan  7 13:56:49 Deepin kernel: [    1.130466] pci 0000:00:15.3: BAR 13: can't assign io (size 0x1000)
Jan  7 13:56:49 Deepin kernel: [    1.130541] pci 0000:00:15.4: BAR 13: can't assign io (size 0x1000)
Jan  7 13:56:49 Deepin kernel: [    1.130550] pci 0000:00:15.5: BAR 13: can't assign io (size 0x1000)
Jan  7 13:56:49 Deepin kernel: [    1.130559] pci 0000:00:15.6: BAR 13: can't assign io (size 0x1000)
Jan  7 13:56:49 Deepin kernel: [    1.130567] pci 0000:00:15.7: BAR 13: can't assign io (size 0x1000)
Jan  7 13:56:49 Deepin kernel: [    1.130575] pci 0000:00:16.3: BAR 13: can't assign io (size 0x1000)
Jan  7 13:56:49 Deepin kernel: [    1.130583] pci 0000:00:16.4: BAR 13: can't assign io (size 0x1000)
Jan  7 13:56:49 Deepin kernel: [    1.130591] pci 0000:00:16.5: BAR 13: can't assign io (size 0x1000)
Jan  7 13:56:49 Deepin kernel: [    1.130601] pci 0000:00:16.6: BAR 13: can't assign io (size 0x1000)
Jan  7 13:56:49 Deepin kernel: [    1.130609] pci 0000:00:16.7: BAR 13: can't assign io (size 0x1000)
Jan  7 13:56:49 Deepin kernel: [    1.130617] pci 0000:00:17.3: BAR 13: can't assign io (size 0x1000)
Jan  7 13:56:49 Deepin kernel: [    1.130625] pci 0000:00:17.4: BAR 13: can't assign io (size 0x1000)
Jan  7 13:56:49 Deepin kernel: [    1.130633] pci 0000:00:17.5: BAR 13: can't assign io (size 0x1000)
Jan  7 13:56:49 Deepin kernel: [    1.130641] pci 0000:00:17.6: BAR 13: can't assign io (size 0x1000)
Jan  7 13:56:49 Deepin kernel: [    1.130649] pci 0000:00:17.7: BAR 13: can't assign io (size 0x1000)
Jan  7 13:56:49 Deepin kernel: [    1.130657] pci 0000:00:18.2: BAR 13: can't assign io (size 0x1000)
Jan  7 13:56:49 Deepin kernel: [    1.130664] pci 0000:00:18.3: BAR 13: can't assign io (size 0x1000)
Jan  7 13:56:49 Deepin kernel: [    1.130672] pci 0000:00:18.4: BAR 13: can't assign io (size 0x1000)
Jan  7 13:56:49 Deepin kernel: [    1.130680] pci 0000:00:18.5: BAR 13: can't assign io (size 0x1000)
Jan  7 13:56:49 Deepin kernel: [    1.130688] pci 0000:00:18.6: BAR 13: can't assign io (size 0x1000)
Jan  7 13:56:49 Deepin kernel: [    1.130696] pci 0000:00:18.7: BAR 13: can't assign io (size 0x1000)
Jan  7 13:56:49 Deepin kernel: [    1.130771] pci 0000:00:18.7: BAR 13: can't assign io (size 0x1000)
Jan  7 13:56:49 Deepin kernel: [    1.130799] pci 0000:00:18.6: BAR 13: can't assign io (size 0x1000)
Jan  7 13:56:49 Deepin kernel: [    1.130807] pci 0000:00:18.5: BAR 13: can't assign io (size 0x1000)
Jan  7 13:56:49 Deepin kernel: [    1.130815] pci 0000:00:18.4: BAR 13: can't assign io (size 0x1000)
Jan  7 13:56:49 Deepin kernel: [    1.130823] pci 0000:00:18.3: BAR 13: can't assign io (size 0x1000)
Jan  7 13:56:49 Deepin kernel: [    1.130831] pci 0000:00:18.2: BAR 13: can't assign io (size 0x1000)
Jan  7 13:56:49 Deepin kernel: [    1.130838] pci 0000:00:17.7: BAR 13: can't assign io (size 0x1000)
Jan  7 13:56:49 Deepin kernel: [    1.130846] pci 0000:00:17.6: BAR 13: can't assign io (size 0x1000)
Jan  7 13:56:49 Deepin kernel: [    1.130854] pci 0000:00:17.5: BAR 13: can't assign io (size 0x1000)
Jan  7 13:56:49 Deepin kernel: [    1.130862] pci 0000:00:17.4: BAR 13: can't assign io (size 0x1000)
Jan  7 13:56:49 Deepin kernel: [    1.130870] pci 0000:00:17.3: BAR 13: can't assign io (size 0x1000)
Jan  7 13:56:49 Deepin kernel: [    1.130877] pci 0000:00:16.7: BAR 13: can't assign io (size 0x1000)
Jan  7 13:56:49 Deepin kernel: [    1.130885] pci 0000:00:16.6: BAR 13: can't assign io (size 0x1000)
Jan  7 13:56:49 Deepin kernel: [    1.130893] pci 0000:00:16.5: BAR 13: can't assign io (size 0x1000)
Jan  7 13:56:49 Deepin kernel: [    1.130901] pci 0000:00:16.4: BAR 13: can't assign io (size 0x1000)
Jan  7 13:56:49 Deepin kernel: [    1.130908] pci 0000:00:16.3: BAR 13: can't assign io (size 0x1000)
Jan  7 13:56:49 Deepin kernel: [    1.130916] pci 0000:00:15.7: BAR 13: can't assign io (size 0x1000)
Jan  7 13:56:49 Deepin kernel: [    1.130924] pci 0000:00:15.6: BAR 13: can't assign io (size 0x1000)
Jan  7 13:56:49 Deepin kernel: [    1.130932] pci 0000:00:15.5: BAR 13: can't assign io (size 0x1000)
Jan  7 13:56:49 Deepin kernel: [    1.130940] pci 0000:00:15.4: BAR 13: can't assign io (size 0x1000)
Jan  7 13:56:49 Deepin kernel: [    1.130947] pci 0000:00:15.3: BAR 13: can't assign io (size 0x1000)
Jan  7 13:56:49 Deepin kernel: [    1.131010] pci 0000:00:01.0: PCI bridge to [bus 01]
Jan  7 13:56:49 Deepin kernel: [    1.131085] pci 0000:02:01.0: BAR 6: assigned [mem 0xdc400000-0xdc40ffff pref]
Jan  7 13:56:49 Deepin kernel: [    1.131096] pci 0000:00:11.0: PCI bridge to [bus 02]
Jan  7 13:56:49 Deepin kernel: [    1.131146] pci 0000:00:11.0:   bridge window [io  0x2000-0x3fff]
Jan  7 13:56:49 Deepin kernel: [    1.131204] pci 0000:00:11.0:   bridge window [mem 0xd8900000-0xd9cfffff]
Jan  7 13:56:49 Deepin kernel: [    1.131250] pci 0000:00:11.0:   bridge window [mem 0xdc400000-0xdc9fffff 64bit pref]
Jan  7 13:56:49 Deepin kernel: [    1.131303] pci 0000:00:15.0: PCI bridge to [bus 03]
Jan  7 13:56:49 Deepin kernel: [    1.131323] pci 0000:00:15.0:   bridge window [io  0x4000-0x4fff]
Jan  7 13:56:49 Deepin kernel: [    1.131361] pci 0000:00:15.0:   bridge window [mem 0xd9d00000-0xd9dfffff]
Jan  7 13:56:49 Deepin kernel: [    1.131391] pci 0000:00:15.0:   bridge window [mem 0xdca00000-0xdcafffff 64bit pref]
Jan  7 13:56:49 Deepin kernel: [    1.131466] pci 0000:00:15.1: PCI bridge to [bus 04]
Jan  7 13:56:49 Deepin kernel: [    1.131488] pci 0000:00:15.1:   bridge window [io  0x8000-0x8fff]
Jan  7 13:56:49 Deepin kernel: [    1.131526] pci 0000:00:15.1:   bridge window [mem 0xda100000-0xda1fffff]
Jan  7 13:56:49 Deepin kernel: [    1.131556] pci 0000:00:15.1:   bridge window [mem 0xdce00000-0xdcefffff 64bit pref]
Jan  7 13:56:49 Deepin kernel: [    1.131624] pci 0000:00:15.2: PCI bridge to [bus 05]
Jan  7 13:56:49 Deepin kernel: [    1.131645] pci 0000:00:15.2:   bridge window [io  0xc000-0xcfff]
Jan  7 13:56:49 Deepin kernel: [    1.131683] pci 0000:00:15.2:   bridge window [mem 0xda500000-0xda5fffff]
Jan  7 13:56:49 Deepin kernel: [    1.131713] pci 0000:00:15.2:   bridge window [mem 0xdd200000-0xdd2fffff 64bit pref]
Jan  7 13:56:49 Deepin kernel: [    1.131778] pci 0000:00:15.3: PCI bridge to [bus 06]
Jan  7 13:56:49 Deepin kernel: [    1.131818] pci 0000:00:15.3:   bridge window [mem 0xda900000-0xda9fffff]
Jan  7 13:56:49 Deepin kernel: [    1.131848] pci 0000:00:15.3:   bridge window [mem 0xdd600000-0xdd6fffff 64bit pref]
Jan  7 13:56:49 Deepin kernel: [    1.131913] pci 0000:00:15.4: PCI bridge to [bus 07]
Jan  7 13:56:49 Deepin kernel: [    1.131953] pci 0000:00:15.4:   bridge window [mem 0xdad00000-0xdadfffff]
Jan  7 13:56:49 Deepin kernel: [    1.131982] pci 0000:00:15.4:   bridge window [mem 0xdda00000-0xddafffff 64bit pref]
Jan  7 13:56:49 Deepin kernel: [    1.132047] pci 0000:00:15.5: PCI bridge to [bus 08]
Jan  7 13:56:49 Deepin kernel: [    1.132087] pci 0000:00:15.5:   bridge window [mem 0xdb100000-0xdb1fffff]
Jan  7 13:56:49 Deepin kernel: [    1.132117] pci 0000:00:15.5:   bridge window [mem 0xdde00000-0xddefffff 64bit pref]
Jan  7 13:56:49 Deepin kernel: [    1.132201] pci 0000:00:15.6: PCI bridge to [bus 09]
Jan  7 13:56:49 Deepin kernel: [    1.132249] pci 0000:00:15.6:   bridge window [mem 0xdb500000-0xdb5fffff]
Jan  7 13:56:49 Deepin kernel: [    1.132280] pci 0000:00:15.6:   bridge window [mem 0xde200000-0xde2fffff 64bit pref]
Jan  7 13:56:49 Deepin kernel: [    1.132351] pci 0000:00:15.7: PCI bridge to [bus 0a]
Jan  7 13:56:49 Deepin kernel: [    1.132391] pci 0000:00:15.7:   bridge window [mem 0xdb900000-0xdb9fffff]
Jan  7 13:56:49 Deepin kernel: [    1.132421] pci 0000:00:15.7:   bridge window [mem 0xde600000-0xde6fffff 64bit pref]
Jan  7 13:56:49 Deepin kernel: [    1.132487] pci 0000:00:16.0: PCI bridge to [bus 0b]
Jan  7 13:56:49 Deepin kernel: [    1.132508] pci 0000:00:16.0:   bridge window [io  0x5000-0x5fff]
Jan  7 13:56:49 Deepin kernel: [    1.132546] pci 0000:00:16.0:   bridge window [mem 0xd9e00000-0xd9efffff]
Jan  7 13:56:49 Deepin kernel: [    1.132576] pci 0000:00:16.0:   bridge window [mem 0xdcb00000-0xdcbfffff 64bit pref]
Jan  7 13:56:49 Deepin kernel: [    1.132641] pci 0000:00:16.1: PCI bridge to [bus 0c]
Jan  7 13:56:49 Deepin kernel: [    1.132662] pci 0000:00:16.1:   bridge window [io  0x9000-0x9fff]
Jan  7 13:56:49 Deepin kernel: [    1.132701] pci 0000:00:16.1:   bridge window [mem 0xda200000-0xda2fffff]
Jan  7 13:56:49 Deepin kernel: [    1.132734] pci 0000:00:16.1:   bridge window [mem 0xdcf00000-0xdcffffff 64bit pref]
Jan  7 13:56:49 Deepin kernel: [    1.132802] pci 0000:00:16.2: PCI bridge to [bus 0d]
Jan  7 13:56:49 Deepin kernel: [    1.132823] pci 0000:00:16.2:   bridge window [io  0xd000-0xdfff]
Jan  7 13:56:49 Deepin kernel: [    1.132862] pci 0000:00:16.2:   bridge window [mem 0xda600000-0xda6fffff]
Jan  7 13:56:49 Deepin kernel: [    1.132891] pci 0000:00:16.2:   bridge window [mem 0xdd300000-0xdd3fffff 64bit pref]
Jan  7 13:56:49 Deepin kernel: [    1.132956] pci 0000:00:16.3: PCI bridge to [bus 0e]
Jan  7 13:56:49 Deepin kernel: [    1.132996] pci 0000:00:16.3:   bridge window [mem 0xdaa00000-0xdaafffff]
Jan  7 13:56:49 Deepin kernel: [    1.133026] pci 0000:00:16.3:   bridge window [mem 0xdd700000-0xdd7fffff 64bit pref]
Jan  7 13:56:49 Deepin kernel: [    1.133091] pci 0000:00:16.4: PCI bridge to [bus 0f]
Jan  7 13:56:49 Deepin kernel: [    1.133143] pci 0000:00:16.4:   bridge window [mem 0xdae00000-0xdaefffff]
Jan  7 13:56:49 Deepin kernel: [    1.133183] pci 0000:00:16.4:   bridge window [mem 0xddb00000-0xddbfffff 64bit pref]
Jan  7 13:56:49 Deepin kernel: [    1.133258] pci 0000:00:16.5: PCI bridge to [bus 10]
Jan  7 13:56:49 Deepin kernel: [    1.133299] pci 0000:00:16.5:   bridge window [mem 0xdb200000-0xdb2fffff]
Jan  7 13:56:49 Deepin kernel: [    1.133329] pci 0000:00:16.5:   bridge window [mem 0xddf00000-0xddffffff 64bit pref]
Jan  7 13:56:49 Deepin kernel: [    1.133395] pci 0000:00:16.6: PCI bridge to [bus 11]
Jan  7 13:56:49 Deepin kernel: [    1.133446] pci 0000:00:16.6:   bridge window [mem 0xdb600000-0xdb6fffff]
Jan  7 13:56:49 Deepin kernel: [    1.133480] pci 0000:00:16.6:   bridge window [mem 0xde300000-0xde3fffff 64bit pref]
Jan  7 13:56:49 Deepin kernel: [    1.133546] pci 0000:00:16.7: PCI bridge to [bus 12]
Jan  7 13:56:49 Deepin kernel: [    1.133586] pci 0000:00:16.7:   bridge window [mem 0xdba00000-0xdbafffff]
Jan  7 13:56:49 Deepin kernel: [    1.133615] pci 0000:00:16.7:   bridge window [mem 0xde700000-0xde7fffff 64bit pref]
Jan  7 13:56:49 Deepin kernel: [    1.133682] pci 0000:00:17.0: PCI bridge to [bus 13]
Jan  7 13:56:49 Deepin kernel: [    1.133703] pci 0000:00:17.0:   bridge window [io  0x6000-0x6fff]
Jan  7 13:56:49 Deepin kernel: [    1.133741] pci 0000:00:17.0:   bridge window [mem 0xd9f00000-0xd9ffffff]
Jan  7 13:56:49 Deepin kernel: [    1.133771] pci 0000:00:17.0:   bridge window [mem 0xdcc00000-0xdccfffff 64bit pref]
Jan  7 13:56:49 Deepin kernel: [    1.133836] pci 0000:00:17.1: PCI bridge to [bus 14]
Jan  7 13:56:49 Deepin kernel: [    1.133858] pci 0000:00:17.1:   bridge window [io  0xa000-0xafff]
Jan  7 13:56:49 Deepin kernel: [    1.133896] pci 0000:00:17.1:   bridge window [mem 0xda300000-0xda3fffff]
Jan  7 13:56:49 Deepin kernel: [    1.133926] pci 0000:00:17.1:   bridge window [mem 0xdd000000-0xdd0fffff 64bit pref]
Jan  7 13:56:49 Deepin kernel: [    1.133991] pci 0000:00:17.2: PCI bridge to [bus 15]
Jan  7 13:56:49 Deepin kernel: [    1.134012] pci 0000:00:17.2:   bridge window [io  0xe000-0xefff]
Jan  7 13:56:49 Deepin kernel: [    1.134050] pci 0000:00:17.2:   bridge window [mem 0xda700000-0xda7fffff]
Jan  7 13:56:49 Deepin kernel: [    1.134080] pci 0000:00:17.2:   bridge window [mem 0xdd400000-0xdd4fffff 64bit pref]
Jan  7 13:56:49 Deepin kernel: [    1.134144] pci 0000:00:17.3: PCI bridge to [bus 16]
Jan  7 13:56:49 Deepin kernel: [    1.134184] pci 0000:00:17.3:   bridge window [mem 0xdab00000-0xdabfffff]
Jan  7 13:56:49 Deepin kernel: [    1.134214] pci 0000:00:17.3:   bridge window [mem 0xdd800000-0xdd8fffff 64bit pref]
Jan  7 13:56:49 Deepin kernel: [    1.134278] pci 0000:00:17.4: PCI bridge to [bus 17]
Jan  7 13:56:49 Deepin kernel: [    1.134322] pci 0000:00:17.4:   bridge window [mem 0xdaf00000-0xdaffffff]
Jan  7 13:56:49 Deepin kernel: [    1.134371] pci 0000:00:17.4:   bridge window [mem 0xddc00000-0xddcfffff 64bit pref]
Jan  7 13:56:49 Deepin kernel: [    1.134444] pci 0000:00:17.5: PCI bridge to [bus 18]
Jan  7 13:56:49 Deepin kernel: [    1.134484] pci 0000:00:17.5:   bridge window [mem 0xdb300000-0xdb3fffff]
Jan  7 13:56:49 Deepin kernel: [    1.134514] pci 0000:00:17.5:   bridge window [mem 0xde000000-0xde0fffff 64bit pref]
Jan  7 13:56:49 Deepin kernel: [    1.134579] pci 0000:00:17.6: PCI bridge to [bus 19]
Jan  7 13:56:49 Deepin kernel: [    1.134619] pci 0000:00:17.6:   bridge window [mem 0xdb700000-0xdb7fffff]
Jan  7 13:56:49 Deepin kernel: [    1.134649] pci 0000:00:17.6:   bridge window [mem 0xde400000-0xde4fffff 64bit pref]
Jan  7 13:56:49 Deepin kernel: [    1.134717] pci 0000:00:17.7: PCI bridge to [bus 1a]
Jan  7 13:56:49 Deepin kernel: [    1.134762] pci 0000:00:17.7:   bridge window [mem 0xdbb00000-0xdbbfffff]
Jan  7 13:56:49 Deepin kernel: [    1.134791] pci 0000:00:17.7:   bridge window [mem 0xde800000-0xde8fffff 64bit pref]
Jan  7 13:56:49 Deepin kernel: [    1.134859] pci 0000:00:18.0: PCI bridge to [bus 1b]
Jan  7 13:56:49 Deepin kernel: [    1.134881] pci 0000:00:18.0:   bridge window [io  0x7000-0x7fff]
Jan  7 13:56:49 Deepin kernel: [    1.134919] pci 0000:00:18.0:   bridge window [mem 0xda000000-0xda0fffff]
Jan  7 13:56:49 Deepin kernel: [    1.134949] pci 0000:00:18.0:   bridge window [mem 0xdcd00000-0xdcdfffff 64bit pref]
Jan  7 13:56:49 Deepin kernel: [    1.135014] pci 0000:00:18.1: PCI bridge to [bus 1c]
Jan  7 13:56:49 Deepin kernel: [    1.135035] pci 0000:00:18.1:   bridge window [io  0xb000-0xbfff]
Jan  7 13:56:49 Deepin kernel: [    1.135073] pci 0000:00:18.1:   bridge window [mem 0xda400000-0xda4fffff]
Jan  7 13:56:49 Deepin kernel: [    1.135103] pci 0000:00:18.1:   bridge window [mem 0xdd100000-0xdd1fffff 64bit pref]
Jan  7 13:56:49 Deepin kernel: [    1.135168] pci 0000:00:18.2: PCI bridge to [bus 1d]
Jan  7 13:56:49 Deepin kernel: [    1.135208] pci 0000:00:18.2:   bridge window [mem 0xda800000-0xda8fffff]
Jan  7 13:56:49 Deepin kernel: [    1.135238] pci 0000:00:18.2:   bridge window [mem 0xdd500000-0xdd5fffff 64bit pref]
Jan  7 13:56:49 Deepin kernel: [    1.135313] pci 0000:00:18.3: PCI bridge to [bus 1e]
Jan  7 13:56:49 Deepin kernel: [    1.135354] pci 0000:00:18.3:   bridge window [mem 0xdac00000-0xdacfffff]
Jan  7 13:56:49 Deepin kernel: [    1.135384] pci 0000:00:18.3:   bridge window [mem 0xdd900000-0xdd9fffff 64bit pref]
Jan  7 13:56:49 Deepin kernel: [    1.135450] pci 0000:00:18.4: PCI bridge to [bus 1f]
Jan  7 13:56:49 Deepin kernel: [    1.135490] pci 0000:00:18.4:   bridge window [mem 0xdb000000-0xdb0fffff]
Jan  7 13:56:49 Deepin kernel: [    1.135520] pci 0000:00:18.4:   bridge window [mem 0xddd00000-0xdddfffff 64bit pref]
Jan  7 13:56:49 Deepin kernel: [    1.135584] pci 0000:00:18.5: PCI bridge to [bus 20]
Jan  7 13:56:49 Deepin kernel: [    1.135632] pci 0000:00:18.5:   bridge window [mem 0xdb400000-0xdb4fffff]
Jan  7 13:56:49 Deepin kernel: [    1.135662] pci 0000:00:18.5:   bridge window [mem 0xde100000-0xde1fffff 64bit pref]
Jan  7 13:56:49 Deepin kernel: [    1.135727] pci 0000:00:18.6: PCI bridge to [bus 21]
Jan  7 13:56:49 Deepin kernel: [    1.135766] pci 0000:00:18.6:   bridge window [mem 0xdb800000-0xdb8fffff]
Jan  7 13:56:49 Deepin kernel: [    1.135797] pci 0000:00:18.6:   bridge window [mem 0xde500000-0xde5fffff 64bit pref]
Jan  7 13:56:49 Deepin kernel: [    1.135871] pci 0000:00:18.7: PCI bridge to [bus 22]
Jan  7 13:56:49 Deepin kernel: [    1.135911] pci 0000:00:18.7:   bridge window [mem 0xdbc00000-0xdbcfffff]
Jan  7 13:56:49 Deepin kernel: [    1.135944] pci 0000:00:18.7:   bridge window [mem 0xde900000-0xde9fffff 64bit pref]
Jan  7 13:56:49 Deepin kernel: [    1.136019] pci_bus 0000:00: resource 4 [mem 0x000a0000-0x000bffff]
Jan  7 13:56:49 Deepin kernel: [    1.136032] pci_bus 0000:00: resource 5 [mem 0x000cc000-0x000cffff]
Jan  7 13:56:49 Deepin kernel: [    1.136040] pci_bus 0000:00: resource 6 [mem 0x000d0000-0x000d3fff]
Jan  7 13:56:49 Deepin kernel: [    1.136048] pci_bus 0000:00: resource 7 [mem 0x000d4000-0x000d7fff]
Jan  7 13:56:49 Deepin kernel: [    1.136055] pci_bus 0000:00: resource 8 [mem 0x000d8000-0x000dbfff]
Jan  7 13:56:49 Deepin kernel: [    1.136063] pci_bus 0000:00: resource 9 [mem 0x000e4000-0x000e7fff]
Jan  7 13:56:49 Deepin kernel: [    1.136071] pci_bus 0000:00: resource 10 [mem 0x40000000-0xfebfffff]
Jan  7 13:56:49 Deepin kernel: [    1.136078] pci_bus 0000:00: resource 11 [io  0x0000-0x0cf7]
Jan  7 13:56:49 Deepin kernel: [    1.136086] pci_bus 0000:00: resource 12 [io  0x0d00-0xfeff]
Jan  7 13:56:49 Deepin kernel: [    1.136114] pci_bus 0000:02: resource 0 [io  0x2000-0x3fff]
Jan  7 13:56:49 Deepin kernel: [    1.136122] pci_bus 0000:02: resource 1 [mem 0xd8900000-0xd9cfffff]
Jan  7 13:56:49 Deepin kernel: [    1.136130] pci_bus 0000:02: resource 2 [mem 0xdc400000-0xdc9fffff 64bit pref]
Jan  7 13:56:49 Deepin kernel: [    1.136138] pci_bus 0000:02: resource 4 [mem 0x000a0000-0x000bffff]
Jan  7 13:56:49 Deepin kernel: [    1.136146] pci_bus 0000:02: resource 5 [mem 0x000cc000-0x000cffff]
Jan  7 13:56:49 Deepin kernel: [    1.136153] pci_bus 0000:02: resource 6 [mem 0x000d0000-0x000d3fff]
Jan  7 13:56:49 Deepin kernel: [    1.136156] pci_bus 0000:02: resource 7 [mem 0x000d4000-0x000d7fff]
Jan  7 13:56:49 Deepin kernel: [    1.136185] pci_bus 0000:02: resource 8 [mem 0x000d8000-0x000dbfff]
Jan  7 13:56:49 Deepin kernel: [    1.136194] pci_bus 0000:02: resource 9 [mem 0x000e4000-0x000e7fff]
Jan  7 13:56:49 Deepin kernel: [    1.136202] pci_bus 0000:02: resource 10 [mem 0x40000000-0xfebfffff]
Jan  7 13:56:49 Deepin kernel: [    1.136209] pci_bus 0000:02: resource 11 [io  0x0000-0x0cf7]
Jan  7 13:56:49 Deepin kernel: [    1.136216] pci_bus 0000:02: resource 12 [io  0x0d00-0xfeff]
Jan  7 13:56:49 Deepin kernel: [    1.136226] pci_bus 0000:03: resource 0 [io  0x4000-0x4fff]
Jan  7 13:56:49 Deepin kernel: [    1.136233] pci_bus 0000:03: resource 1 [mem 0xd9d00000-0xd9dfffff]
Jan  7 13:56:49 Deepin kernel: [    1.136242] pci_bus 0000:03: resource 2 [mem 0xdca00000-0xdcafffff 64bit pref]
Jan  7 13:56:49 Deepin kernel: [    1.136250] pci_bus 0000:04: resource 0 [io  0x8000-0x8fff]
Jan  7 13:56:49 Deepin kernel: [    1.136282] pci_bus 0000:04: resource 1 [mem 0xda100000-0xda1fffff]
Jan  7 13:56:49 Deepin kernel: [    1.136291] pci_bus 0000:04: resource 2 [mem 0xdce00000-0xdcefffff 64bit pref]
Jan  7 13:56:49 Deepin kernel: [    1.136299] pci_bus 0000:05: resource 0 [io  0xc000-0xcfff]
Jan  7 13:56:49 Deepin kernel: [    1.136307] pci_bus 0000:05: resource 1 [mem 0xda500000-0xda5fffff]
Jan  7 13:56:49 Deepin kernel: [    1.136315] pci_bus 0000:05: resource 2 [mem 0xdd200000-0xdd2fffff 64bit pref]
Jan  7 13:56:49 Deepin kernel: [    1.136323] pci_bus 0000:06: resource 1 [mem 0xda900000-0xda9fffff]
Jan  7 13:56:49 Deepin kernel: [    1.136332] pci_bus 0000:06: resource 2 [mem 0xdd600000-0xdd6fffff 64bit pref]
Jan  7 13:56:49 Deepin kernel: [    1.136339] pci_bus 0000:07: resource 1 [mem 0xdad00000-0xdadfffff]
Jan  7 13:56:49 Deepin kernel: [    1.136348] pci_bus 0000:07: resource 2 [mem 0xdda00000-0xddafffff 64bit pref]
Jan  7 13:56:49 Deepin kernel: [    1.136356] pci_bus 0000:08: resource 1 [mem 0xdb100000-0xdb1fffff]
Jan  7 13:56:49 Deepin kernel: [    1.136368] pci_bus 0000:08: resource 2 [mem 0xdde00000-0xddefffff 64bit pref]
Jan  7 13:56:49 Deepin kernel: [    1.136376] pci_bus 0000:09: resource 1 [mem 0xdb500000-0xdb5fffff]
Jan  7 13:56:49 Deepin kernel: [    1.136385] pci_bus 0000:09: resource 2 [mem 0xde200000-0xde2fffff 64bit pref]
Jan  7 13:56:49 Deepin kernel: [    1.136393] pci_bus 0000:0a: resource 1 [mem 0xdb900000-0xdb9fffff]
Jan  7 13:56:49 Deepin kernel: [    1.136401] pci_bus 0000:0a: resource 2 [mem 0xde600000-0xde6fffff 64bit pref]
Jan  7 13:56:49 Deepin kernel: [    1.136409] pci_bus 0000:0b: resource 0 [io  0x5000-0x5fff]
Jan  7 13:56:49 Deepin kernel: [    1.136416] pci_bus 0000:0b: resource 1 [mem 0xd9e00000-0xd9efffff]
Jan  7 13:56:49 Deepin kernel: [    1.136425] pci_bus 0000:0b: resource 2 [mem 0xdcb00000-0xdcbfffff 64bit pref]
Jan  7 13:56:49 Deepin kernel: [    1.136436] pci_bus 0000:0c: resource 0 [io  0x9000-0x9fff]
Jan  7 13:56:49 Deepin kernel: [    1.136447] pci_bus 0000:0c: resource 1 [mem 0xda200000-0xda2fffff]
Jan  7 13:56:49 Deepin kernel: [    1.136456] pci_bus 0000:0c: resource 2 [mem 0xdcf00000-0xdcffffff 64bit pref]
Jan  7 13:56:49 Deepin kernel: [    1.136464] pci_bus 0000:0d: resource 0 [io  0xd000-0xdfff]
Jan  7 13:56:49 Deepin kernel: [    1.136471] pci_bus 0000:0d: resource 1 [mem 0xda600000-0xda6fffff]
Jan  7 13:56:49 Deepin kernel: [    1.136480] pci_bus 0000:0d: resource 2 [mem 0xdd300000-0xdd3fffff 64bit pref]
Jan  7 13:56:49 Deepin kernel: [    1.136488] pci_bus 0000:0e: resource 1 [mem 0xdaa00000-0xdaafffff]
Jan  7 13:56:49 Deepin kernel: [    1.136496] pci_bus 0000:0e: resource 2 [mem 0xdd700000-0xdd7fffff 64bit pref]
Jan  7 13:56:49 Deepin kernel: [    1.136504] pci_bus 0000:0f: resource 1 [mem 0xdae00000-0xdaefffff]
Jan  7 13:56:49 Deepin kernel: [    1.136513] pci_bus 0000:0f: resource 2 [mem 0xddb00000-0xddbfffff 64bit pref]
Jan  7 13:56:49 Deepin kernel: [    1.136521] pci_bus 0000:10: resource 1 [mem 0xdb200000-0xdb2fffff]
Jan  7 13:56:49 Deepin kernel: [    1.136529] pci_bus 0000:10: resource 2 [mem 0xddf00000-0xddffffff 64bit pref]
Jan  7 13:56:49 Deepin kernel: [    1.136537] pci_bus 0000:11: resource 1 [mem 0xdb600000-0xdb6fffff]
Jan  7 13:56:49 Deepin kernel: [    1.136545] pci_bus 0000:11: resource 2 [mem 0xde300000-0xde3fffff 64bit pref]
Jan  7 13:56:49 Deepin kernel: [    1.136553] pci_bus 0000:12: resource 1 [mem 0xdba00000-0xdbafffff]
Jan  7 13:56:49 Deepin kernel: [    1.136562] pci_bus 0000:12: resource 2 [mem 0xde700000-0xde7fffff 64bit pref]
Jan  7 13:56:49 Deepin kernel: [    1.136569] pci_bus 0000:13: resource 0 [io  0x6000-0x6fff]
Jan  7 13:56:49 Deepin kernel: [    1.136577] pci_bus 0000:13: resource 1 [mem 0xd9f00000-0xd9ffffff]
Jan  7 13:56:49 Deepin kernel: [    1.136585] pci_bus 0000:13: resource 2 [mem 0xdcc00000-0xdccfffff 64bit pref]
Jan  7 13:56:49 Deepin kernel: [    1.136593] pci_bus 0000:14: resource 0 [io  0xa000-0xafff]
Jan  7 13:56:49 Deepin kernel: [    1.136601] pci_bus 0000:14: resource 1 [mem 0xda300000-0xda3fffff]
Jan  7 13:56:49 Deepin kernel: [    1.136609] pci_bus 0000:14: resource 2 [mem 0xdd000000-0xdd0fffff 64bit pref]
Jan  7 13:56:49 Deepin kernel: [    1.136617] pci_bus 0000:15: resource 0 [io  0xe000-0xefff]
Jan  7 13:56:49 Deepin kernel: [    1.136624] pci_bus 0000:15: resource 1 [mem 0xda700000-0xda7fffff]
Jan  7 13:56:49 Deepin kernel: [    1.136633] pci_bus 0000:15: resource 2 [mem 0xdd400000-0xdd4fffff 64bit pref]
Jan  7 13:56:49 Deepin kernel: [    1.136641] pci_bus 0000:16: resource 1 [mem 0xdab00000-0xdabfffff]
Jan  7 13:56:49 Deepin kernel: [    1.136649] pci_bus 0000:16: resource 2 [mem 0xdd800000-0xdd8fffff 64bit pref]
Jan  7 13:56:49 Deepin kernel: [    1.136657] pci_bus 0000:17: resource 1 [mem 0xdaf00000-0xdaffffff]
Jan  7 13:56:49 Deepin kernel: [    1.136667] pci_bus 0000:17: resource 2 [mem 0xddc00000-0xddcfffff 64bit pref]
Jan  7 13:56:49 Deepin kernel: [    1.136675] pci_bus 0000:18: resource 1 [mem 0xdb300000-0xdb3fffff]
Jan  7 13:56:49 Deepin kernel: [    1.136684] pci_bus 0000:18: resource 2 [mem 0xde000000-0xde0fffff 64bit pref]
Jan  7 13:56:49 Deepin kernel: [    1.136692] pci_bus 0000:19: resource 1 [mem 0xdb700000-0xdb7fffff]
Jan  7 13:56:49 Deepin kernel: [    1.136700] pci_bus 0000:19: resource 2 [mem 0xde400000-0xde4fffff 64bit pref]
Jan  7 13:56:49 Deepin kernel: [    1.136708] pci_bus 0000:1a: resource 1 [mem 0xdbb00000-0xdbbfffff]
Jan  7 13:56:49 Deepin kernel: [    1.136716] pci_bus 0000:1a: resource 2 [mem 0xde800000-0xde8fffff 64bit pref]
Jan  7 13:56:49 Deepin kernel: [    1.136724] pci_bus 0000:1b: resource 0 [io  0x7000-0x7fff]
Jan  7 13:56:49 Deepin kernel: [    1.136732] pci_bus 0000:1b: resource 1 [mem 0xda000000-0xda0fffff]
Jan  7 13:56:49 Deepin kernel: [    1.136740] pci_bus 0000:1b: resource 2 [mem 0xdcd00000-0xdcdfffff 64bit pref]
Jan  7 13:56:49 Deepin kernel: [    1.136772] pci_bus 0000:1c: resource 0 [io  0xb000-0xbfff]
Jan  7 13:56:49 Deepin kernel: [    1.136783] pci_bus 0000:1c: resource 1 [mem 0xda400000-0xda4fffff]
Jan  7 13:56:49 Deepin kernel: [    1.136792] pci_bus 0000:1c: resource 2 [mem 0xdd100000-0xdd1fffff 64bit pref]
Jan  7 13:56:49 Deepin kernel: [    1.136800] pci_bus 0000:1d: resource 1 [mem 0xda800000-0xda8fffff]
Jan  7 13:56:49 Deepin kernel: [    1.136808] pci_bus 0000:1d: resource 2 [mem 0xdd500000-0xdd5fffff 64bit pref]
Jan  7 13:56:49 Deepin kernel: [    1.136817] pci_bus 0000:1e: resource 1 [mem 0xdac00000-0xdacfffff]
Jan  7 13:56:49 Deepin kernel: [    1.136826] pci_bus 0000:1e: resource 2 [mem 0xdd900000-0xdd9fffff 64bit pref]
Jan  7 13:56:49 Deepin kernel: [    1.136834] pci_bus 0000:1f: resource 1 [mem 0xdb000000-0xdb0fffff]
Jan  7 13:56:49 Deepin kernel: [    1.136842] pci_bus 0000:1f: resource 2 [mem 0xddd00000-0xdddfffff 64bit pref]
Jan  7 13:56:49 Deepin kernel: [    1.136850] pci_bus 0000:20: resource 1 [mem 0xdb400000-0xdb4fffff]
Jan  7 13:56:49 Deepin kernel: [    1.136859] pci_bus 0000:20: resource 2 [mem 0xde100000-0xde1fffff 64bit pref]
Jan  7 13:56:49 Deepin kernel: [    1.136867] pci_bus 0000:21: resource 1 [mem 0xdb800000-0xdb8fffff]
Jan  7 13:56:49 Deepin kernel: [    1.136875] pci_bus 0000:21: resource 2 [mem 0xde500000-0xde5fffff 64bit pref]
Jan  7 13:56:49 Deepin kernel: [    1.136883] pci_bus 0000:22: resource 1 [mem 0xdbc00000-0xdbcfffff]
Jan  7 13:56:49 Deepin kernel: [    1.136892] pci_bus 0000:22: resource 2 [mem 0xde900000-0xde9fffff 64bit pref]
Jan  7 13:56:49 Deepin kernel: [    1.136967] NET: Registered protocol family 2
Jan  7 13:56:49 Deepin kernel: [    1.137346] TCP established hash table entries: 8192 (order: 3, 32768 bytes)
Jan  7 13:56:49 Deepin kernel: [    1.137421] TCP bind hash table entries: 8192 (order: 4, 65536 bytes)
Jan  7 13:56:49 Deepin kernel: [    1.137496] TCP: Hash tables configured (established 8192 bind 8192)
Jan  7 13:56:49 Deepin kernel: [    1.137571] TCP: reno registered
Jan  7 13:56:49 Deepin kernel: [    1.137646] UDP hash table entries: 512 (order: 2, 16384 bytes)
Jan  7 13:56:49 Deepin kernel: [    1.137721] UDP-Lite hash table entries: 512 (order: 2, 16384 bytes)
Jan  7 13:56:49 Deepin kernel: [    1.137796] NET: Registered protocol family 1
Jan  7 13:56:49 Deepin kernel: [    1.137871] pci 0000:00:00.0: Limiting direct PCI/PCI transfers
Jan  7 13:56:49 Deepin kernel: [    1.137946] pci 0000:00:0f.0: Video device with shadowed ROM
Jan  7 13:56:49 Deepin kernel: [    1.140339] PCI: CLS 32 bytes, default 64
Jan  7 13:56:49 Deepin kernel: [    1.140414] Trying to unpack rootfs image as initramfs...
Jan  7 13:56:49 Deepin kernel: [    1.760342] Freeing initrd memory: 18476K (f5bda000 - f6de5000)
Jan  7 13:56:49 Deepin kernel: [    1.760516] Simple Boot Flag at 0x36 set to 0x1
Jan  7 13:56:49 Deepin kernel: [    1.760626] Switched to clocksource tsc
Jan  7 13:56:49 Deepin kernel: [    1.760701] microcode: CPU0 sig=0x20655, pf=0x1, revision=0x2
Jan  7 13:56:49 Deepin kernel: [    1.760926] microcode: Microcode Update Driver: v2.00 <tigran@aivazian.fsnet.co.uk>, Peter Oruba
Jan  7 13:56:49 Deepin kernel: [    1.760953] Scanning for low memory corruption every 60 seconds
Jan  7 13:56:49 Deepin kernel: [    1.761651] Initialise system trusted keyring
Jan  7 13:56:49 Deepin kernel: [    1.761726] audit: initializing netlink socket (disabled)
Jan  7 13:56:49 Deepin kernel: [    1.761801] type=2000 audit(1420639004.592:1): initialized
Jan  7 13:56:49 Deepin kernel: [    1.781091] bounce pool size: 64 pages
Jan  7 13:56:49 Deepin kernel: [    1.781166] HugeTLB registered 2 MB page size, pre-allocated 0 pages
Jan  7 13:56:49 Deepin kernel: [    1.784683] zbud: loaded
Jan  7 13:56:49 Deepin kernel: [    1.784962] VFS: Disk quotas dquot_6.5.2
Jan  7 13:56:49 Deepin kernel: [    1.785037] Dquot-cache hash table entries: 1024 (order 0, 4096 bytes)
Jan  7 13:56:49 Deepin kernel: [    1.785530] fuse init (API version 7.22)
Jan  7 13:56:49 Deepin kernel: [    1.785695] msgmni has been set to 1738
Jan  7 13:56:49 Deepin kernel: [    1.785770] Key type big_key registered
Jan  7 13:56:49 Deepin kernel: [    1.787544] Key type asymmetric registered
Jan  7 13:56:49 Deepin kernel: [    1.787581] Asymmetric key parser 'x509' registered
Jan  7 13:56:49 Deepin kernel: [    1.787656] Block layer SCSI generic (bsg) driver version 0.4 loaded (major 252)
Jan  7 13:56:49 Deepin kernel: [    1.787861] io scheduler noop registered
Jan  7 13:56:49 Deepin kernel: [    1.787901] io scheduler deadline registered (default)
Jan  7 13:56:49 Deepin kernel: [    1.787976] io scheduler cfq registered
Jan  7 13:56:49 Deepin kernel: [    1.788349] pcieport 0000:00:15.0: irq 40 for MSI/MSI-X
Jan  7 13:56:49 Deepin kernel: [    1.788424] pcieport 0000:00:15.1: irq 41 for MSI/MSI-X
Jan  7 13:56:49 Deepin kernel: [    1.788499] pcieport 0000:00:15.2: irq 42 for MSI/MSI-X
Jan  7 13:56:49 Deepin kernel: [    1.788574] pcieport 0000:00:15.3: irq 43 for MSI/MSI-X
Jan  7 13:56:49 Deepin kernel: [    1.788649] pcieport 0000:00:15.4: irq 44 for MSI/MSI-X
Jan  7 13:56:49 Deepin kernel: [    1.788724] pcieport 0000:00:15.5: irq 45 for MSI/MSI-X
Jan  7 13:56:49 Deepin kernel: [    1.788799] pcieport 0000:00:15.6: irq 46 for MSI/MSI-X
Jan  7 13:56:49 Deepin kernel: [    1.788874] pcieport 0000:00:15.7: irq 47 for MSI/MSI-X
Jan  7 13:56:49 Deepin kernel: [    1.788949] pcieport 0000:00:16.0: irq 48 for MSI/MSI-X
Jan  7 13:56:49 Deepin kernel: [    1.789024] pcieport 0000:00:16.1: irq 49 for MSI/MSI-X
Jan  7 13:56:49 Deepin kernel: [    1.789099] pcieport 0000:00:16.2: irq 50 for MSI/MSI-X
Jan  7 13:56:49 Deepin kernel: [    1.789174] pcieport 0000:00:16.3: irq 51 for MSI/MSI-X
Jan  7 13:56:49 Deepin kernel: [    1.789249] pcieport 0000:00:16.4: irq 52 for MSI/MSI-X
Jan  7 13:56:49 Deepin kernel: [    1.789324] pcieport 0000:00:16.5: irq 53 for MSI/MSI-X
Jan  7 13:56:49 Deepin kernel: [    1.789399] pcieport 0000:00:16.6: irq 54 for MSI/MSI-X
Jan  7 13:56:49 Deepin kernel: [    1.789474] pcieport 0000:00:16.7: irq 55 for MSI/MSI-X
Jan  7 13:56:49 Deepin kernel: [    1.789549] pcieport 0000:00:17.0: irq 56 for MSI/MSI-X
Jan  7 13:56:49 Deepin kernel: [    1.789624] pcieport 0000:00:17.1: irq 57 for MSI/MSI-X
Jan  7 13:56:49 Deepin kernel: [    1.789699] pcieport 0000:00:17.2: irq 58 for MSI/MSI-X
Jan  7 13:56:49 Deepin kernel: [    1.789774] pcieport 0000:00:17.3: irq 59 for MSI/MSI-X
Jan  7 13:56:49 Deepin kernel: [    1.789848] pcieport 0000:00:17.4: irq 60 for MSI/MSI-X
Jan  7 13:56:49 Deepin kernel: [    1.789923] pcieport 0000:00:17.5: irq 61 for MSI/MSI-X
Jan  7 13:56:49 Deepin kernel: [    1.789998] pcieport 0000:00:17.6: irq 62 for MSI/MSI-X
Jan  7 13:56:49 Deepin kernel: [    1.790073] pcieport 0000:00:17.7: irq 63 for MSI/MSI-X
Jan  7 13:56:49 Deepin kernel: [    1.790148] pcieport 0000:00:18.0: irq 64 for MSI/MSI-X
Jan  7 13:56:49 Deepin kernel: [    1.790223] pcieport 0000:00:18.1: irq 65 for MSI/MSI-X
Jan  7 13:56:49 Deepin kernel: [    1.790298] pcieport 0000:00:18.2: irq 66 for MSI/MSI-X
Jan  7 13:56:49 Deepin kernel: [    1.790373] pcieport 0000:00:18.3: irq 67 for MSI/MSI-X
Jan  7 13:56:49 Deepin kernel: [    1.790448] pcieport 0000:00:18.4: irq 68 for MSI/MSI-X
Jan  7 13:56:49 Deepin kernel: [    1.790523] pcieport 0000:00:18.5: irq 69 for MSI/MSI-X
Jan  7 13:56:49 Deepin kernel: [    1.790598] pcieport 0000:00:18.6: irq 70 for MSI/MSI-X
Jan  7 13:56:49 Deepin kernel: [    1.790673] pcieport 0000:00:18.7: irq 71 for MSI/MSI-X
Jan  7 13:56:49 Deepin kernel: [    1.790748] pcieport 0000:00:15.0: Signaling PME through PCIe PME interrupt
Jan  7 13:56:49 Deepin kernel: [    1.790823] pcie_pme 0000:00:15.0:pcie01: service driver pcie_pme loaded
Jan  7 13:56:49 Deepin kernel: [    1.790898] pcieport 0000:00:15.1: Signaling PME through PCIe PME interrupt
Jan  7 13:56:49 Deepin kernel: [    1.790933] pcie_pme 0000:00:15.1:pcie01: service driver pcie_pme loaded
Jan  7 13:56:49 Deepin kernel: [    1.791008] pcieport 0000:00:15.2: Signaling PME through PCIe PME interrupt
Jan  7 13:56:49 Deepin kernel: [    1.791040] pcie_pme 0000:00:15.2:pcie01: service driver pcie_pme loaded
Jan  7 13:56:49 Deepin kernel: [    1.791115] pcieport 0000:00:15.3: Signaling PME through PCIe PME interrupt
Jan  7 13:56:49 Deepin kernel: [    1.791147] pcie_pme 0000:00:15.3:pcie01: service driver pcie_pme loaded
Jan  7 13:56:49 Deepin kernel: [    1.791222] pcieport 0000:00:15.4: Signaling PME through PCIe PME interrupt
Jan  7 13:56:49 Deepin kernel: [    1.791254] pcie_pme 0000:00:15.4:pcie01: service driver pcie_pme loaded
Jan  7 13:56:49 Deepin kernel: [    1.791329] pcieport 0000:00:15.5: Signaling PME through PCIe PME interrupt
Jan  7 13:56:49 Deepin kernel: [    1.791361] pcie_pme 0000:00:15.5:pcie01: service driver pcie_pme loaded
Jan  7 13:56:49 Deepin kernel: [    1.791436] pcieport 0000:00:15.6: Signaling PME through PCIe PME interrupt
Jan  7 13:56:49 Deepin kernel: [    1.791467] pcie_pme 0000:00:15.6:pcie01: service driver pcie_pme loaded
Jan  7 13:56:49 Deepin kernel: [    1.791542] pcieport 0000:00:15.7: Signaling PME through PCIe PME interrupt
Jan  7 13:56:49 Deepin kernel: [    1.791599] pcie_pme 0000:00:15.7:pcie01: service driver pcie_pme loaded
Jan  7 13:56:49 Deepin kernel: [    1.791673] pcieport 0000:00:16.0: Signaling PME through PCIe PME interrupt
Jan  7 13:56:49 Deepin kernel: [    1.791707] pcie_pme 0000:00:16.0:pcie01: service driver pcie_pme loaded
Jan  7 13:56:49 Deepin kernel: [    1.791782] pcieport 0000:00:16.1: Signaling PME through PCIe PME interrupt
Jan  7 13:56:49 Deepin kernel: [    1.791815] pcie_pme 0000:00:16.1:pcie01: service driver pcie_pme loaded
Jan  7 13:56:49 Deepin kernel: [    1.791890] pcieport 0000:00:16.2: Signaling PME through PCIe PME interrupt
Jan  7 13:56:49 Deepin kernel: [    1.791923] pcie_pme 0000:00:16.2:pcie01: service driver pcie_pme loaded
Jan  7 13:56:49 Deepin kernel: [    1.791998] pcieport 0000:00:16.3: Signaling PME through PCIe PME interrupt
Jan  7 13:56:49 Deepin kernel: [    1.792030] pcie_pme 0000:00:16.3:pcie01: service driver pcie_pme loaded
Jan  7 13:56:49 Deepin kernel: [    1.792105] pcieport 0000:00:16.4: Signaling PME through PCIe PME interrupt
Jan  7 13:56:49 Deepin kernel: [    1.792137] pcie_pme 0000:00:16.4:pcie01: service driver pcie_pme loaded
Jan  7 13:56:49 Deepin kernel: [    1.792259] pcieport 0000:00:16.5: Signaling PME through PCIe PME interrupt
Jan  7 13:56:49 Deepin kernel: [    1.792259] pcie_pme 0000:00:16.5:pcie01: service driver pcie_pme loaded
Jan  7 13:56:49 Deepin kernel: [    1.792434] pcieport 0000:00:16.6: Signaling PME through PCIe PME interrupt
Jan  7 13:56:49 Deepin kernel: [    1.792470] pcie_pme 0000:00:16.6:pcie01: service driver pcie_pme loaded
Jan  7 13:56:49 Deepin kernel: [    1.792545] pcieport 0000:00:16.7: Signaling PME through PCIe PME interrupt
Jan  7 13:56:49 Deepin kernel: [    1.792582] pcie_pme 0000:00:16.7:pcie01: service driver pcie_pme loaded
Jan  7 13:56:49 Deepin kernel: [    1.792657] pcieport 0000:00:17.0: Signaling PME through PCIe PME interrupt
Jan  7 13:56:49 Deepin kernel: [    1.792690] pcie_pme 0000:00:17.0:pcie01: service driver pcie_pme loaded
Jan  7 13:56:49 Deepin kernel: [    1.792765] pcieport 0000:00:17.1: Signaling PME through PCIe PME interrupt
Jan  7 13:56:49 Deepin kernel: [    1.792797] pcie_pme 0000:00:17.1:pcie01: service driver pcie_pme loaded
Jan  7 13:56:49 Deepin kernel: [    1.792872] pcieport 0000:00:17.2: Signaling PME through PCIe PME interrupt
Jan  7 13:56:49 Deepin kernel: [    1.792904] pcie_pme 0000:00:17.2:pcie01: service driver pcie_pme loaded
Jan  7 13:56:49 Deepin kernel: [    1.792979] pcieport 0000:00:17.3: Signaling PME through PCIe PME interrupt
Jan  7 13:56:49 Deepin kernel: [    1.793014] pcie_pme 0000:00:17.3:pcie01: service driver pcie_pme loaded
Jan  7 13:56:49 Deepin kernel: [    1.793089] pcieport 0000:00:17.4: Signaling PME through PCIe PME interrupt
Jan  7 13:56:49 Deepin kernel: [    1.793121] pcie_pme 0000:00:17.4:pcie01: service driver pcie_pme loaded
Jan  7 13:56:49 Deepin kernel: [    1.793196] pcieport 0000:00:17.5: Signaling PME through PCIe PME interrupt
Jan  7 13:56:49 Deepin kernel: [    1.793228] pcie_pme 0000:00:17.5:pcie01: service driver pcie_pme loaded
Jan  7 13:56:49 Deepin kernel: [    1.793303] pcieport 0000:00:17.6: Signaling PME through PCIe PME interrupt
Jan  7 13:56:49 Deepin kernel: [    1.793335] pcie_pme 0000:00:17.6:pcie01: service driver pcie_pme loaded
Jan  7 13:56:49 Deepin kernel: [    1.793410] pcieport 0000:00:17.7: Signaling PME through PCIe PME interrupt
Jan  7 13:56:49 Deepin kernel: [    1.793442] pcie_pme 0000:00:17.7:pcie01: service driver pcie_pme loaded
Jan  7 13:56:49 Deepin kernel: [    1.793517] pcieport 0000:00:18.0: Signaling PME through PCIe PME interrupt
Jan  7 13:56:49 Deepin kernel: [    1.793548] pcie_pme 0000:00:18.0:pcie01: service driver pcie_pme loaded
Jan  7 13:56:49 Deepin kernel: [    1.793623] pcieport 0000:00:18.1: Signaling PME through PCIe PME interrupt
Jan  7 13:56:49 Deepin kernel: [    1.793658] pcie_pme 0000:00:18.1:pcie01: service driver pcie_pme loaded
Jan  7 13:56:49 Deepin kernel: [    1.793733] pcieport 0000:00:18.2: Signaling PME through PCIe PME interrupt
Jan  7 13:56:49 Deepin kernel: [    1.793765] pcie_pme 0000:00:18.2:pcie01: service driver pcie_pme loaded
Jan  7 13:56:49 Deepin kernel: [    1.793840] pcieport 0000:00:18.3: Signaling PME through PCIe PME interrupt
Jan  7 13:56:49 Deepin kernel: [    1.793871] pcie_pme 0000:00:18.3:pcie01: service driver pcie_pme loaded
Jan  7 13:56:49 Deepin kernel: [    1.793946] pcieport 0000:00:18.4: Signaling PME through PCIe PME interrupt
Jan  7 13:56:49 Deepin kernel: [    1.793978] pcie_pme 0000:00:18.4:pcie01: service driver pcie_pme loaded
Jan  7 13:56:49 Deepin kernel: [    1.794053] pcieport 0000:00:18.5: Signaling PME through PCIe PME interrupt
Jan  7 13:56:49 Deepin kernel: [    1.794086] pcie_pme 0000:00:18.5:pcie01: service driver pcie_pme loaded
Jan  7 13:56:49 Deepin kernel: [    1.794161] pcieport 0000:00:18.6: Signaling PME through PCIe PME interrupt
Jan  7 13:56:49 Deepin kernel: [    1.794193] pcie_pme 0000:00:18.6:pcie01: service driver pcie_pme loaded
Jan  7 13:56:49 Deepin kernel: [    1.794268] pcieport 0000:00:18.7: Signaling PME through PCIe PME interrupt
Jan  7 13:56:49 Deepin kernel: [    1.794303] pcie_pme 0000:00:18.7:pcie01: service driver pcie_pme loaded
Jan  7 13:56:49 Deepin kernel: [    1.794377] pci_hotplug: PCI Hot Plug PCI Core version: 0.5
Jan  7 13:56:49 Deepin kernel: [    1.794452] pciehp 0000:00:15.0:pcie04: HPC vendor_id 15ad device_id 7a0 ss_vid 15ad ss_did 7a0
Jan  7 13:56:49 Deepin kernel: [    1.794563] pciehp 0000:00:15.0:pcie04: service driver pciehp loaded
Jan  7 13:56:49 Deepin kernel: [    1.794638] pciehp 0000:00:15.1:pcie04: HPC vendor_id 15ad device_id 7a0 ss_vid 15ad ss_did 7a0
